Archive member included to satisfy reference by file (symbol)

C:\Users\Than\AppData\Local\Temp\VMBuilds\XeTuDong\energia_energia_tivac_EK-TM4C1294XL\Debug/core.a(startup_gcc.c.o)
                              (ResetISR)
C:\Users\Than\AppData\Local\Temp\VMBuilds\XeTuDong\energia_energia_tivac_EK-TM4C1294XL\Debug/core.a(WInterrupts.c.o)
                              C:\Users\Than\AppData\Local\Temp\VMBuilds\XeTuDong\energia_energia_tivac_EK-TM4C1294XL\Debug/core.a(startup_gcc.c.o) (GPIOAIntHandler)
C:\Users\Than\AppData\Local\Temp\VMBuilds\XeTuDong\energia_energia_tivac_EK-TM4C1294XL\Debug/core.a(wiring.c.o)
                              C:\Users\Than\AppData\Local\Temp\VMBuilds\XeTuDong\energia_energia_tivac_EK-TM4C1294XL\Debug\XeTuDong.cpp.o (delay)
C:\Users\Than\AppData\Local\Temp\VMBuilds\XeTuDong\energia_energia_tivac_EK-TM4C1294XL\Debug/core.a(wiring_analog.c.o)
                              C:\Users\Than\AppData\Local\Temp\VMBuilds\XeTuDong\energia_energia_tivac_EK-TM4C1294XL\Debug\Omni.cpp.o (analogWrite)
C:\Users\Than\AppData\Local\Temp\VMBuilds\XeTuDong\energia_energia_tivac_EK-TM4C1294XL\Debug/core.a(wiring_digital.c.o)
                              C:\Users\Than\AppData\Local\Temp\VMBuilds\XeTuDong\energia_energia_tivac_EK-TM4C1294XL\Debug\XeTuDong.cpp.o (pinMode)
C:\Users\Than\AppData\Local\Temp\VMBuilds\XeTuDong\energia_energia_tivac_EK-TM4C1294XL\Debug/core.a(HardwareSerial.cpp.o)
                              C:\Users\Than\AppData\Local\Temp\VMBuilds\XeTuDong\energia_energia_tivac_EK-TM4C1294XL\Debug\XeTuDong.cpp.o (HardwareSerial::begin(unsigned long))
C:\Users\Than\AppData\Local\Temp\VMBuilds\XeTuDong\energia_energia_tivac_EK-TM4C1294XL\Debug/core.a(main.cpp.o)
                              C:\Users\Than\AppData\Local\Temp\VMBuilds\XeTuDong\energia_energia_tivac_EK-TM4C1294XL\Debug/core.a(startup_gcc.c.o) (_init)
C:\Users\Than\AppData\Local\Temp\VMBuilds\XeTuDong\energia_energia_tivac_EK-TM4C1294XL\Debug/core.a(Print.cpp.o)
                              C:\Users\Than\AppData\Local\Temp\VMBuilds\XeTuDong\energia_energia_tivac_EK-TM4C1294XL\Debug/core.a(HardwareSerial.cpp.o) (Print::write(unsigned char const*, unsigned int))
C:\Users\Than\AppData\Local\Temp\VMBuilds\XeTuDong\energia_energia_tivac_EK-TM4C1294XL\Debug/core.a(new.cpp.o)
                              C:\Users\Than\AppData\Local\Temp\VMBuilds\XeTuDong\energia_energia_tivac_EK-TM4C1294XL\Debug/core.a(Print.cpp.o) (__cxa_pure_virtual)
C:\Users\Than\AppData\Local\Energia15\packages\energia\hardware\tivac\1.0.3\system/driverlib/libdriverlib.a(eeprom.o)
                              C:\Users\Than\AppData\Local\Temp\VMBuilds\XeTuDong\energia_energia_tivac_EK-TM4C1294XL\Debug/core.a(main.cpp.o) (EEPROMMassErase)
C:\Users\Than\AppData\Local\Energia15\packages\energia\hardware\tivac\1.0.3\system/driverlib/libdriverlib.a(gpio.o)
                              C:\Users\Than\AppData\Local\Temp\VMBuilds\XeTuDong\energia_energia_tivac_EK-TM4C1294XL\Debug/core.a(wiring_digital.c.o) (GPIOPadConfigSet)
C:\Users\Than\AppData\Local\Energia15\packages\energia\hardware\tivac\1.0.3\system/driverlib/libdriverlib.a(interrupt.o)
                              C:\Users\Than\AppData\Local\Energia15\packages\energia\hardware\tivac\1.0.3\system/driverlib/libdriverlib.a(gpio.o) (IntRegister)
C:\Users\Than\AppData\Local\Energia15\packages\energia\hardware\tivac\1.0.3\system/driverlib/libdriverlib.a(sysctl.o)
                              C:\Users\Than\AppData\Local\Energia15\packages\energia\hardware\tivac\1.0.3\system/driverlib/libdriverlib.a(eeprom.o) (SysCtlPeripheralReset)
C:\Users\Than\AppData\Local\Energia15\packages\energia\hardware\tivac\1.0.3\system/driverlib/libdriverlib.a(cpu.o)
                              C:\Users\Than\AppData\Local\Energia15\packages\energia\hardware\tivac\1.0.3\system/driverlib/libdriverlib.a(interrupt.o) (CPUcpsid)
c:/users/than/appdata/local/energia15/packages/energia/tools/arm-none-eabi-gcc/6.3.1-20170620/bin/../lib/gcc/arm-none-eabi/6.3.1/../../../../arm-none-eabi/lib/thumb/v7e-m/fpv4-sp/hard\libm.a(lib_a-s_cos.o)
                              C:\Users\Than\AppData\Local\Temp\VMBuilds\XeTuDong\energia_energia_tivac_EK-TM4C1294XL\Debug\Omni.cpp.o (cos)
c:/users/than/appdata/local/energia15/packages/energia/tools/arm-none-eabi-gcc/6.3.1-20170620/bin/../lib/gcc/arm-none-eabi/6.3.1/../../../../arm-none-eabi/lib/thumb/v7e-m/fpv4-sp/hard\libm.a(lib_a-s_sin.o)
                              C:\Users\Than\AppData\Local\Temp\VMBuilds\XeTuDong\energia_energia_tivac_EK-TM4C1294XL\Debug\Omni.cpp.o (sin)
c:/users/than/appdata/local/energia15/packages/energia/tools/arm-none-eabi-gcc/6.3.1-20170620/bin/../lib/gcc/arm-none-eabi/6.3.1/../../../../arm-none-eabi/lib/thumb/v7e-m/fpv4-sp/hard\libm.a(lib_a-e_rem_pio2.o)
[...]
Memory Configuration

Name             Origin             Length             Attributes
flash            0x00000000         0x00100000         xr
ram              0x20000000         0x00040000         xrw
*default*        0x00000000         0xffffffff

Linker script and memory map

START GROUP
LOAD C:\Users\Than\AppData\Local\Temp\VMBuilds\XeTuDong\energia_energia_tivac_EK-TM4C1294XL\Debug\XeTuDong.cpp.o
LOAD C:\Users\Than\AppData\Local\Temp\VMBuilds\XeTuDong\energia_energia_tivac_EK-TM4C1294XL\Debug\LineADC.cpp.o
LOAD C:\Users\Than\AppData\Local\Temp\VMBuilds\XeTuDong\energia_energia_tivac_EK-TM4C1294XL\Debug\Omni.cpp.o
LOAD C:\Users\Than\AppData\Local\Temp\VMBuilds\XeTuDong\energia_energia_tivac_EK-TM4C1294XL\Debug/core.a
END GROUP
LOAD C:\Users\Than\AppData\Local\Energia15\packages\energia\hardware\tivac\1.0.3\system/driverlib/libdriverlib.a
LOAD c:/users/than/appdata/local/energia15/packages/energia/tools/arm-none-eabi-gcc/6.3.1-20170620/bin/../lib/gcc/arm-none-eabi/6.3.1/../../../../arm-none-eabi/lib/thumb/v7e-m/fpv4-sp/hard\libm.a
LOAD c:/users/than/appdata/local/energia15/packages/energia/tools/arm-none-eabi-gcc/6.3.1-20170620/bin/../lib/gcc/arm-none-eabi/6.3.1/../../../../arm-none-eabi/lib/thumb/v7e-m/fpv4-sp/hard\libc_nano.a
LOAD c:/users/than/appdata/local/energia15/packages/energia/tools/arm-none-eabi-gcc/6.3.1-20170620/bin/../lib/gcc/arm-none-eabi/6.3.1/thumb/v7e-m/fpv4-sp/hard\libgcc.a

.text           0x00000000     0x1e8c
                0x00000000                . = ALIGN (0x4)
                0x00000000                _text = .
 *(.isr_vector)
 .isr_vector    0x00000000      0x200 C:\Users\Than\AppData\Local\Temp\VMBuilds\XeTuDong\energia_energia_tivac_EK-TM4C1294XL\Debug/core.a(startup_gcc.c.o)
                0x00000000                g_pfnVectors
 *(.text .text* .gnu.linkonce.t.*)
 .text.setup    0x00000200       0x70 C:\Users\Than\AppData\Local\Temp\VMBuilds\XeTuDong\energia_energia_tivac_EK-TM4C1294XL\Debug\XeTuDong.cpp.o
                0x00000200                setup
 .text.loop     0x00000270      0x168 C:\Users\Than\AppData\Local\Temp\VMBuilds\XeTuDong\energia_energia_tivac_EK-TM4C1294XL\Debug\XeTuDong.cpp.o
                0x00000270                loop
 .text.startup._GLOBAL__sub_I_Read_serial
                0x000003d8       0x3c C:\Users\Than\AppData\Local\Temp\VMBuilds\XeTuDong\energia_energia_tivac_EK-TM4C1294XL\Debug\XeTuDong.cpp.o
 .text._ZN7LineADC4initEv
                0x00000414       0x1a C:\Users\Than\AppData\Local\Temp\VMBuilds\XeTuDong\energia_energia_tivac_EK-TM4C1294XL\Debug\LineADC.cpp.o
                0x00000414                LineADC::init()
 .text._ZN7LineADC13doneupdateADCEv
                0x0000042e        0x2 C:\Users\Than\AppData\Local\Temp\VMBuilds\XeTuDong\energia_energia_tivac_EK-TM4C1294XL\Debug\LineADC.cpp.o
                0x0000042e                LineADC::doneupdateADC()
 .text._ZN7LineADC7readADCEv
                0x00000430       0x1c C:\Users\Than\AppData\Local\Temp\VMBuilds\XeTuDong\energia_energia_tivac_EK-TM4C1294XL\Debug\LineADC.cpp.o
                0x00000430                LineADC::readADC()
 .text._ZN7LineADC8lineReadEPiS0_i
                0x0000044c       0x8e C:\Users\Than\AppData\Local\Temp\VMBuilds\XeTuDong\energia_energia_tivac_EK-TM4C1294XL\Debug\LineADC.cpp.o
                0x0000044c                LineADC::lineRead(int*, int*, int)
 .text._ZN7LineADC13updateMidvalsEv
                0x000004da       0x3e C:\Users\Than\AppData\Local\Temp\VMBuilds\XeTuDong\energia_energia_tivac_EK-TM4C1294XL\Debug\LineADC.cpp.o
                0x000004da                LineADC::updateMidvals()
 .text._ZN7LineADC9updateADCEv
                0x00000518       0x12 C:\Users\Than\AppData\Local\Temp\VMBuilds\XeTuDong\energia_energia_tivac_EK-TM4C1294XL\Debug\LineADC.cpp.o
                0x00000518                LineADC::updateADC()
 .text._ZN4OmniC2Eaaaaaa
                0x0000052a       0x1c C:\Users\Than\AppData\Local\Temp\VMBuilds\XeTuDong\energia_energia_tivac_EK-TM4C1294XL\Debug\Omni.cpp.o
                0x0000052a                Omni::Omni(signed char, signed char, signed char, signed char, signed char, signed char)
                0x0000052a                Omni::Omni(signed char, signed char, signed char, signed char, signed char, signed char)
 .text.NmiSR    0x00000546        0x2 C:\Users\Than\AppData\Local\Temp\VMBuilds\XeTuDong\energia_energia_tivac_EK-TM4C1294XL\Debug/core.a(startup_gcc.c.o)
 .text.FaultISR
                0x00000548        0x2 C:\Users\Than\AppData\Local\Temp\VMBuilds\XeTuDong\energia_energia_tivac_EK-TM4C1294XL\Debug/core.a(startup_gcc.c.o)
 .text.IntDefaultHandler
                0x0000054a        0x2 C:\Users\Than\AppData\Local\Temp\VMBuilds\XeTuDong\energia_energia_tivac_EK-TM4C1294XL\Debug/core.a(startup_gcc.c.o)
 .text.ResetISR
                0x0000054c       0x98 C:\Users\Than\AppData\Local\Temp\VMBuilds\XeTuDong\energia_energia_tivac_EK-TM4C1294XL\Debug/core.a(startup_gcc.c.o)
                0x0000054c                ResetISR
 .text.ToneIntHandler
                0x000005e4        0x2 C:\Users\Than\AppData\Local\Temp\VMBuilds\XeTuDong\energia_energia_tivac_EK-TM4C1294XL\Debug/core.a(startup_gcc.c.o)
                0x000005e4                ToneIntHandler
 *fill*         0x000005e6        0x2 
 .text._sbrk    0x000005e8       0x28 C:\Users\Than\AppData\Local\Temp\VMBuilds\XeTuDong\energia_energia_tivac_EK-TM4C1294XL\Debug/core.a(startup_gcc.c.o)
                0x000005e8                _sbrk
 .text.GPIOXIntHandler
                0x00000610       0x30 C:\Users\Than\AppData\Local\Temp\VMBuilds\XeTuDong\energia_energia_tivac_EK-TM4C1294XL\Debug/core.a(WInterrupts.c.o)
                0x00000610                GPIOXIntHandler
 .text.GPIOAIntHandler
                0x00000640       0x10 C:\Users\Than\AppData\Local\Temp\VMBuilds\XeTuDong\energia_energia_tivac_EK-TM4C1294XL\Debug/core.a(WInterrupts.c.o)
                0x00000640                GPIOAIntHandler
 .text.GPIOBIntHandler
                0x00000650       0x10 C:\Users\Than\AppData\Local\Temp\VMBuilds\XeTuDong\energia_energia_tivac_EK-TM4C1294XL\Debug/core.a(WInterrupts.c.o)
                0x00000650                GPIOBIntHandler
 .text.GPIOCIntHandler
                0x00000660       0x10 C:\Users\Than\AppData\Local\Temp\VMBuilds\XeTuDong\energia_energia_tivac_EK-TM4C1294XL\Debug/core.a(WInterrupts.c.o)
                0x00000660                GPIOCIntHandler
 .text.GPIODIntHandler
                0x00000670       0x10 C:\Users\Than\AppData\Local\Temp\VMBuilds\XeTuDong\energia_energia_tivac_EK-TM4C1294XL\Debug/core.a(WInterrupts.c.o)
                0x00000670                GPIODIntHandler
 .text.GPIOEIntHandler
                0x00000680       0x10 C:\Users\Than\AppData\Local\Temp\VMBuilds\XeTuDong\energia_energia_tivac_EK-TM4C1294XL\Debug/core.a(WInterrupts.c.o)
                0x00000680                GPIOEIntHandler
 .text.GPIOFIntHandler
                0x00000690       0x10 C:\Users\Than\AppData\Local\Temp\VMBuilds\XeTuDong\energia_energia_tivac_EK-TM4C1294XL\Debug/core.a(WInterrupts.c.o)
                0x00000690                GPIOFIntHandler
 .text.GPIOGIntHandler
                0x000006a0       0x10 C:\Users\Than\AppData\Local\Temp\VMBuilds\XeTuDong\energia_energia_tivac_EK-TM4C1294XL\Debug/core.a(WInterrupts.c.o)
                0x000006a0                GPIOGIntHandler
 .text.GPIOHIntHandler
                0x000006b0       0x10 C:\Users\Than\AppData\Local\Temp\VMBuilds\XeTuDong\energia_energia_tivac_EK-TM4C1294XL\Debug/core.a(WInterrupts.c.o)
                0x000006b0                GPIOHIntHandler
 .text.GPIOJIntHandler
                0x000006c0       0x10 C:\Users\Than\AppData\Local\Temp\VMBuilds\XeTuDong\energia_energia_tivac_EK-TM4C1294XL\Debug/core.a(WInterrupts.c.o)
                0x000006c0                GPIOJIntHandler
 .text.GPIOKIntHandler
                0x000006d0       0x10 C:\Users\Than\AppData\Local\Temp\VMBuilds\XeTuDong\energia_energia_tivac_EK-TM4C1294XL\Debug/core.a(WInterrupts.c.o)
                0x000006d0                GPIOKIntHandler
 .text.GPIOLIntHandler
                0x000006e0       0x10 C:\Users\Than\AppData\Local\Temp\VMBuilds\XeTuDong\energia_energia_tivac_EK-TM4C1294XL\Debug/core.a(WInterrupts.c.o)
                0x000006e0                GPIOLIntHandler
 .text.GPIOMIntHandler
                0x000006f0       0x10 C:\Users\Than\AppData\Local\Temp\VMBuilds\XeTuDong\energia_energia_tivac_EK-TM4C1294XL\Debug/core.a(WInterrupts.c.o)
                0x000006f0                GPIOMIntHandler
 .text.GPIONIntHandler
                0x00000700       0x10 C:\Users\Than\AppData\Local\Temp\VMBuilds\XeTuDong\energia_energia_tivac_EK-TM4C1294XL\Debug/core.a(WInterrupts.c.o)
                0x00000700                GPIONIntHandler
 .text.GPIOPIntHandler
                0x00000710       0x10 C:\Users\Than\AppData\Local\Temp\VMBuilds\XeTuDong\energia_energia_tivac_EK-TM4C1294XL\Debug/core.a(WInterrupts.c.o)
                0x00000710                GPIOPIntHandler
 .text.GPIOQIntHandler
                0x00000720       0x10 C:\Users\Than\AppData\Local\Temp\VMBuilds\XeTuDong\energia_energia_tivac_EK-TM4C1294XL\Debug/core.a(WInterrupts.c.o)
                0x00000720                GPIOQIntHandler
 .text.GPIORIntHandler
                0x00000730       0x10 C:\Users\Than\AppData\Local\Temp\VMBuilds\XeTuDong\energia_energia_tivac_EK-TM4C1294XL\Debug/core.a(WInterrupts.c.o)
                0x00000730                GPIORIntHandler
 .text.GPIOSIntHandler
                0x00000740       0x10 C:\Users\Than\AppData\Local\Temp\VMBuilds\XeTuDong\energia_energia_tivac_EK-TM4C1294XL\Debug/core.a(WInterrupts.c.o)
                0x00000740                GPIOSIntHandler
 .text.GPIOTIntHandler
                0x00000750       0x10 C:\Users\Than\AppData\Local\Temp\VMBuilds\XeTuDong\energia_energia_tivac_EK-TM4C1294XL\Debug/core.a(WInterrupts.c.o)
                0x00000750                GPIOTIntHandler
 .text.timerInit
                0x00000760       0x5c C:\Users\Than\AppData\Local\Temp\VMBuilds\XeTuDong\energia_energia_tivac_EK-TM4C1294XL\Debug/core.a(wiring.c.o)
                0x00000760                timerInit
 .text.delay    0x000007bc       0x18 C:\Users\Than\AppData\Local\Temp\VMBuilds\XeTuDong\energia_energia_tivac_EK-TM4C1294XL\Debug/core.a(wiring.c.o)
                0x000007bc                delay
 .text.delayMicroseconds
                0x000007d4       0x50 C:\Users\Than\AppData\Local\Temp\VMBuilds\XeTuDong\energia_energia_tivac_EK-TM4C1294XL\Debug/core.a(wiring.c.o)
                0x000007d4                delayMicroseconds
 .text.SysTickIntHandler
                0x00000824       0x28 C:\Users\Than\AppData\Local\Temp\VMBuilds\XeTuDong\energia_energia_tivac_EK-TM4C1294XL\Debug/core.a(wiring.c.o)
                0x00000824                SysTickIntHandler
 .text.analogRead
                0x0000084c       0xe4 C:\Users\Than\AppData\Local\Temp\VMBuilds\XeTuDong\energia_energia_tivac_EK-TM4C1294XL\Debug/core.a(wiring_analog.c.o)
                0x0000084c                analogRead
 .text.pinMode  0x00000930       0xa8 C:\Users\Than\AppData\Local\Temp\VMBuilds\XeTuDong\energia_energia_tivac_EK-TM4C1294XL\Debug/core.a(wiring_digital.c.o)
                0x00000930                pinMode
 .text.digitalRead
                0x000009d8       0x38 C:\Users\Than\AppData\Local\Temp\VMBuilds\XeTuDong\energia_energia_tivac_EK-TM4C1294XL\Debug/core.a(wiring_digital.c.o)
                0x000009d8                digitalRead
 .text.digitalWrite
                0x00000a10       0x3c C:\Users\Than\AppData\Local\Temp\VMBuilds\XeTuDong\energia_energia_tivac_EK-TM4C1294XL\Debug/core.a(wiring_digital.c.o)
                0x00000a10                digitalWrite
 .text._ZN5Print17availableForWriteEv
                0x00000a4c        0x4 C:\Users\Than\AppData\Local\Temp\VMBuilds\XeTuDong\energia_energia_tivac_EK-TM4C1294XL\Debug/core.a(HardwareSerial.cpp.o)
                0x00000a4c                Print::availableForWrite()
 .text._ZN14HardwareSerial9availableEv
                0x00000a50       0x12 C:\Users\Than\AppData\Local\Temp\VMBuilds\XeTuDong\energia_energia_tivac_EK-TM4C1294XL\Debug/core.a(HardwareSerial.cpp.o)
                0x00000a50                HardwareSerial::available()
 .text._ZN14HardwareSerial4peekEv
                0x00000a62       0x12 C:\Users\Than\AppData\Local\Temp\VMBuilds\XeTuDong\energia_energia_tivac_EK-TM4C1294XL\Debug/core.a(HardwareSerial.cpp.o)
                0x00000a62                HardwareSerial::peek()
 .text._ZN14HardwareSerial4readEv
                0x00000a74       0x26 C:\Users\Than\AppData\Local\Temp\VMBuilds\XeTuDong\energia_energia_tivac_EK-TM4C1294XL\Debug/core.a(HardwareSerial.cpp.o)
                0x00000a74                HardwareSerial::read()
 *fill*         0x00000a9a        0x2 
 .text._ZN14HardwareSerial5flushEv
                0x00000a9c       0x2c C:\Users\Than\AppData\Local\Temp\VMBuilds\XeTuDong\energia_energia_tivac_EK-TM4C1294XL\Debug/core.a(HardwareSerial.cpp.o)
                0x00000a9c                HardwareSerial::flush()
 .text._ZN14HardwareSerialC2Ev
                0x00000ac8       0x30 C:\Users\Than\AppData\Local\Temp\VMBuilds\XeTuDong\energia_energia_tivac_EK-TM4C1294XL\Debug/core.a(HardwareSerial.cpp.o)
                0x00000ac8                HardwareSerial::HardwareSerial()
                0x00000ac8                HardwareSerial::HardwareSerial()
 .text._ZN14HardwareSerialC2Em
                0x00000af8       0x30 C:\Users\Than\AppData\Local\Temp\VMBuilds\XeTuDong\energia_energia_tivac_EK-TM4C1294XL\Debug/core.a(HardwareSerial.cpp.o)
                0x00000af8                HardwareSerial::HardwareSerial(unsigned long)
                0x00000af8                HardwareSerial::HardwareSerial(unsigned long)
 .text._ZN14HardwareSerial8flushAllEv
                0x00000b28       0x34 C:\Users\Than\AppData\Local\Temp\VMBuilds\XeTuDong\energia_energia_tivac_EK-TM4C1294XL\Debug/core.a(HardwareSerial.cpp.o)
                0x00000b28                HardwareSerial::flushAll()
 .text._ZN14HardwareSerial13primeTransmitEm
                0x00000b5c       0x80 C:\Users\Than\AppData\Local\Temp\VMBuilds\XeTuDong\energia_energia_tivac_EK-TM4C1294XL\Debug/core.a(HardwareSerial.cpp.o)
                0x00000b5c                HardwareSerial::primeTransmit(unsigned long)
 .text._ZN14HardwareSerial5writeEh
                0x00000bdc       0x5c C:\Users\Than\AppData\Local\Temp\VMBuilds\XeTuDong\energia_energia_tivac_EK-TM4C1294XL\Debug/core.a(HardwareSerial.cpp.o)
                0x00000bdc                HardwareSerial::write(unsigned char)
 .text._ZN14HardwareSerial5beginEm
                0x00000c38      0x110 C:\Users\Than\AppData\Local\Temp\VMBuilds\XeTuDong\energia_energia_tivac_EK-TM4C1294XL\Debug/core.a(HardwareSerial.cpp.o)
                0x00000c38                HardwareSerial::begin(unsigned long)
 .text._ZN14HardwareSerial14UARTIntHandlerEv
                0x00000d48       0xcc C:\Users\Than\AppData\Local\Temp\VMBuilds\XeTuDong\energia_energia_tivac_EK-TM4C1294XL\Debug/core.a(HardwareSerial.cpp.o)
                0x00000d48                HardwareSerial::UARTIntHandler()
 .text.UARTIntHandler
                0x00000e14        0xc C:\Users\Than\AppData\Local\Temp\VMBuilds\XeTuDong\energia_energia_tivac_EK-TM4C1294XL\Debug/core.a(HardwareSerial.cpp.o)
                0x00000e14                UARTIntHandler
 .text.UARTIntHandler1
                0x00000e20        0xc C:\Users\Than\AppData\Local\Temp\VMBuilds\XeTuDong\energia_energia_tivac_EK-TM4C1294XL\Debug/core.a(HardwareSerial.cpp.o)
                0x00000e20                UARTIntHandler1
 .text.UARTIntHandler2
                0x00000e2c        0xc C:\Users\Than\AppData\Local\Temp\VMBuilds\XeTuDong\energia_energia_tivac_EK-TM4C1294XL\Debug/core.a(HardwareSerial.cpp.o)
                0x00000e2c                UARTIntHandler2
 .text.UARTIntHandler3
                0x00000e38        0xc C:\Users\Than\AppData\Local\Temp\VMBuilds\XeTuDong\energia_energia_tivac_EK-TM4C1294XL\Debug/core.a(HardwareSerial.cpp.o)
                0x00000e38                UARTIntHandler3
 .text.UARTIntHandler4
                0x00000e44        0xc C:\Users\Than\AppData\Local\Temp\VMBuilds\XeTuDong\energia_energia_tivac_EK-TM4C1294XL\Debug/core.a(HardwareSerial.cpp.o)
                0x00000e44                UARTIntHandler4
 .text.UARTIntHandler5
                0x00000e50        0xc C:\Users\Than\AppData\Local\Temp\VMBuilds\XeTuDong\energia_energia_tivac_EK-TM4C1294XL\Debug/core.a(HardwareSerial.cpp.o)
                0x00000e50                UARTIntHandler5
 .text.UARTIntHandler6
                0x00000e5c        0xc C:\Users\Than\AppData\Local\Temp\VMBuilds\XeTuDong\energia_energia_tivac_EK-TM4C1294XL\Debug/core.a(HardwareSerial.cpp.o)
                0x00000e5c                UARTIntHandler6
 .text.UARTIntHandler7
                0x00000e68        0xc C:\Users\Than\AppData\Local\Temp\VMBuilds\XeTuDong\energia_energia_tivac_EK-TM4C1294XL\Debug/core.a(HardwareSerial.cpp.o)
                0x00000e68                UARTIntHandler7
 .text._Z11serialEventv
                0x00000e74        0x2 C:\Users\Than\AppData\Local\Temp\VMBuilds\XeTuDong\energia_energia_tivac_EK-TM4C1294XL\Debug/core.a(HardwareSerial.cpp.o)
                0x00000e74                serialEvent()
 .text._Z12serialEvent1v
                0x00000e76        0x2 C:\Users\Than\AppData\Local\Temp\VMBuilds\XeTuDong\energia_energia_tivac_EK-TM4C1294XL\Debug/core.a(HardwareSerial.cpp.o)
                0x00000e76                serialEvent1()
 .text._Z12serialEvent2v
                0x00000e78        0x2 C:\Users\Than\AppData\Local\Temp\VMBuilds\XeTuDong\energia_energia_tivac_EK-TM4C1294XL\Debug/core.a(HardwareSerial.cpp.o)
                0x00000e78                serialEvent2()
 .text._Z12serialEvent3v
                0x00000e7a        0x2 C:\Users\Than\AppData\Local\Temp\VMBuilds\XeTuDong\energia_energia_tivac_EK-TM4C1294XL\Debug/core.a(HardwareSerial.cpp.o)
                0x00000e7a                serialEvent3()
 .text._Z12serialEvent4v
                0x00000e7c        0x2 C:\Users\Than\AppData\Local\Temp\VMBuilds\XeTuDong\energia_energia_tivac_EK-TM4C1294XL\Debug/core.a(HardwareSerial.cpp.o)
                0x00000e7c                serialEvent4()
 .text._Z12serialEvent5v
                0x00000e7e        0x2 C:\Users\Than\AppData\Local\Temp\VMBuilds\XeTuDong\energia_energia_tivac_EK-TM4C1294XL\Debug/core.a(HardwareSerial.cpp.o)
                0x00000e7e                serialEvent5()
 .text._Z12serialEvent6v
                0x00000e80        0x2 C:\Users\Than\AppData\Local\Temp\VMBuilds\XeTuDong\energia_energia_tivac_EK-TM4C1294XL\Debug/core.a(HardwareSerial.cpp.o)
                0x00000e80                serialEvent6()
 .text._Z12serialEvent7v
                0x00000e82        0x2 C:\Users\Than\AppData\Local\Temp\VMBuilds\XeTuDong\energia_energia_tivac_EK-TM4C1294XL\Debug/core.a(HardwareSerial.cpp.o)
                0x00000e82                serialEvent7()
 .text._Z14serialEventRunv
                0x00000e84       0x84 C:\Users\Than\AppData\Local\Temp\VMBuilds\XeTuDong\energia_energia_tivac_EK-TM4C1294XL\Debug/core.a(HardwareSerial.cpp.o)
                0x00000e84                serialEventRun()
 .text.startup._GLOBAL__sub_I__ZN14HardwareSerialC2Ev
                0x00000f08       0x64 C:\Users\Than\AppData\Local\Temp\VMBuilds\XeTuDong\energia_energia_tivac_EK-TM4C1294XL\Debug/core.a(HardwareSerial.cpp.o)
 .text._init    0x00000f6c      0x15c C:\Users\Than\AppData\Local\Temp\VMBuilds\XeTuDong\energia_energia_tivac_EK-TM4C1294XL\Debug/core.a(main.cpp.o)
                0x00000f6c                _init
 .text.startup.main
                0x000010c8       0x1c C:\Users\Than\AppData\Local\Temp\VMBuilds\XeTuDong\energia_energia_tivac_EK-TM4C1294XL\Debug/core.a(main.cpp.o)
                0x000010c8                main
 .text._ZN5Print5writeEPKhj
                0x000010e4       0x2c C:\Users\Than\AppData\Local\Temp\VMBuilds\XeTuDong\energia_energia_tivac_EK-TM4C1294XL\Debug/core.a(Print.cpp.o)
                0x000010e4                Print::write(unsigned char const*, unsigned int)
 .text._ZN5Print5writeEPKc
                0x00001110       0x20 C:\Users\Than\AppData\Local\Temp\VMBuilds\XeTuDong\energia_energia_tivac_EK-TM4C1294XL\Debug/core.a(Print.cpp.o)
                0x00001110                Print::write(char const*)
 .text._ZN5Print5printEPKc
                0x00001130        0x8 C:\Users\Than\AppData\Local\Temp\VMBuilds\XeTuDong\energia_energia_tivac_EK-TM4C1294XL\Debug/core.a(Print.cpp.o)
                0x00001130                Print::print(char const*)
 .text._ZN5Print5printEc
                0x00001138        0x6 C:\Users\Than\AppData\Local\Temp\VMBuilds\XeTuDong\energia_energia_tivac_EK-TM4C1294XL\Debug/core.a(Print.cpp.o)
                0x00001138                Print::print(char)
 *fill*         0x0000113e        0x2 
 .text._ZN5Print7printlnEv
                0x00001140       0x10 C:\Users\Than\AppData\Local\Temp\VMBuilds\XeTuDong\energia_energia_tivac_EK-TM4C1294XL\Debug/core.a(Print.cpp.o)
                0x00001140                Print::println()
 .text._ZN5Print7printlnEPKc
                0x00001150       0x14 C:\Users\Than\AppData\Local\Temp\VMBuilds\XeTuDong\energia_energia_tivac_EK-TM4C1294XL\Debug/core.a(Print.cpp.o)
                0x00001150                Print::println(char const*)
 .text._ZN5Print11printNumberEmh
                0x00001164       0x3e C:\Users\Than\AppData\Local\Temp\VMBuilds\XeTuDong\energia_energia_tivac_EK-TM4C1294XL\Debug/core.a(Print.cpp.o)
                0x00001164                Print::printNumber(unsigned long, unsigned char)
 .text._ZN5Print5printEli
                0x000011a2       0x44 C:\Users\Than\AppData\Local\Temp\VMBuilds\XeTuDong\energia_energia_tivac_EK-TM4C1294XL\Debug/core.a(Print.cpp.o)
                0x000011a2                Print::print(long, int)
 .text._ZN5Print5printEii
                0x000011e6        0x4 C:\Users\Than\AppData\Local\Temp\VMBuilds\XeTuDong\energia_energia_tivac_EK-TM4C1294XL\Debug/core.a(Print.cpp.o)
                0x000011e6                Print::print(int, int)
 *fill*         0x000011ea        0x2 
 .text._EEPROMWaitForDone
                0x000011ec       0x10 C:\Users\Than\AppData\Local\Energia15\packages\energia\hardware\tivac\1.0.3\system/driverlib/libdriverlib.a(eeprom.o)
 .text._EEPROMSectorMaskClear
                0x000011fc       0x34 C:\Users\Than\AppData\Local\Energia15\packages\energia\hardware\tivac\1.0.3\system/driverlib/libdriverlib.a(eeprom.o)
 .text.EEPROMMassErase
                0x00001230       0x58 C:\Users\Than\AppData\Local\Energia15\packages\energia\hardware\tivac\1.0.3\system/driverlib/libdriverlib.a(eeprom.o)
                0x00001230                EEPROMMassErase
 .text.GPIOPadConfigSet
                0x00001288      0x130 C:\Users\Than\AppData\Local\Energia15\packages\energia\hardware\tivac\1.0.3\system/driverlib/libdriverlib.a(gpio.o)
                0x00001288                GPIOPadConfigSet
 .text.GPIOIntStatus
                0x000013b8        0xe C:\Users\Than\AppData\Local\Energia15\packages\energia\hardware\tivac\1.0.3\system/driverlib/libdriverlib.a(gpio.o)
                0x000013b8                GPIOIntStatus
 .text.GPIOIntClear
                0x000013c6        0x6 C:\Users\Than\AppData\Local\Energia15\packages\energia\hardware\tivac\1.0.3\system/driverlib/libdriverlib.a(gpio.o)
                0x000013c6                GPIOIntClear
 .text._SysCtlMemTimingGet
                0x000013cc       0x24 C:\Users\Than\AppData\Local\Energia15\packages\energia\hardware\tivac\1.0.3\system/driverlib/libdriverlib.a(sysctl.o)
 .text.SysCtlPeripheralReset
                0x000013f0       0x3a C:\Users\Than\AppData\Local\Energia15\packages\energia\hardware\tivac\1.0.3\system/driverlib/libdriverlib.a(sysctl.o)
                0x000013f0                SysCtlPeripheralReset
 *fill*         0x0000142a        0x2 
 .text.SysCtlDeepSleepPowerSet
                0x0000142c        0xc C:\Users\Than\AppData\Local\Energia15\packages\energia\hardware\tivac\1.0.3\system/driverlib/libdriverlib.a(sysctl.o)
                0x0000142c                SysCtlDeepSleepPowerSet
 .text.SysCtlDelay
                0x00001438        0x8 C:\Users\Than\AppData\Local\Energia15\packages\energia\hardware\tivac\1.0.3\system/driverlib/libdriverlib.a(sysctl.o)
                0x00001438                SysCtlDelay
 .text.SysCtlClockFreqSet
                0x00001440      0x248 C:\Users\Than\AppData\Local\Energia15\packages\energia\hardware\tivac\1.0.3\system/driverlib/libdriverlib.a(sysctl.o)
                0x00001440                SysCtlClockFreqSet
 .text.malloc   0x00001688       0x10 c:/users/than/appdata/local/energia15/packages/energia/tools/arm-none-eabi-gcc/6.3.1-20170620/bin/../lib/gcc/arm-none-eabi/6.3.1/../../../../arm-none-eabi/lib/thumb/v7e-m/fpv4-sp/hard\libc_nano.a(lib_a-malloc.o)
                0x00001688                malloc
 .text.free     0x00001698       0x10 c:/users/than/appdata/local/energia15/packages/energia/tools/arm-none-eabi-gcc/6.3.1-20170620/bin/../lib/gcc/arm-none-eabi/6.3.1/../../../../arm-none-eabi/lib/thumb/v7e-m/fpv4-sp/hard\libc_nano.a(lib_a-malloc.o)
                0x00001698                free
 .text.memcpy   0x000016a8       0x16 c:/users/than/appdata/local/energia15/packages/energia/tools/arm-none-eabi-gcc/6.3.1-20170620/bin/../lib/gcc/arm-none-eabi/6.3.1/../../../../arm-none-eabi/lib/thumb/v7e-m/fpv4-sp/hard\libc_nano.a(lib_a-memcpy-stub.o)
                0x000016a8                memcpy
 *fill*         0x000016be        0x2 
 .text._free_r  0x000016c0       0x9c c:/users/than/appdata/local/energia15/packages/energia/tools/arm-none-eabi-gcc/6.3.1-20170620/bin/../lib/gcc/arm-none-eabi/6.3.1/../../../../arm-none-eabi/lib/thumb/v7e-m/fpv4-sp/hard\libc_nano.a(lib_a-nano-freer.o)
                0x000016c0                _free_r
 .text._malloc_r
                0x0000175c       0xbc c:/users/than/appdata/local/energia15/packages/energia/tools/arm-none-eabi-gcc/6.3.1-20170620/bin/../lib/gcc/arm-none-eabi/6.3.1/../../../../arm-none-eabi/lib/thumb/v7e-m/fpv4-sp/hard\libc_nano.a(lib_a-nano-mallocr.o)
                0x0000175c                _malloc_r
 .text._sbrk_r  0x00001818       0x20 c:/users/than/appdata/local/energia15/packages/energia/tools/arm-none-eabi-gcc/6.3.1-20170620/bin/../lib/gcc/arm-none-eabi/6.3.1/../../../../arm-none-eabi/lib/thumb/v7e-m/fpv4-sp/hard\libc_nano.a(lib_a-sbrkr.o)
                0x00001818                _sbrk_r
 .text          0x00001838       0x10 c:/users/than/appdata/local/energia15/packages/energia/tools/arm-none-eabi-gcc/6.3.1-20170620/bin/../lib/gcc/arm-none-eabi/6.3.1/../../../../arm-none-eabi/lib/thumb/v7e-m/fpv4-sp/hard\libc_nano.a(lib_a-strlen.o)
                0x00001838                strlen
 .text.__malloc_lock
                0x00001848        0x2 c:/users/than/appdata/local/energia15/packages/energia/tools/arm-none-eabi-gcc/6.3.1-20170620/bin/../lib/gcc/arm-none-eabi/6.3.1/../../../../arm-none-eabi/lib/thumb/v7e-m/fpv4-sp/hard\libc_nano.a(lib_a-mlock.o)
                0x00001848                __malloc_lock
 .text.__malloc_unlock
                0x0000184a        0x2 c:/users/than/appdata/local/energia15/packages/energia/tools/arm-none-eabi-gcc/6.3.1-20170620/bin/../lib/gcc/arm-none-eabi/6.3.1/../../../../arm-none-eabi/lib/thumb/v7e-m/fpv4-sp/hard\libc_nano.a(lib_a-mlock.o)
                0x0000184a                __malloc_unlock
 *(.glue_7t)
 .glue_7t       0x0000184c        0x0 linker stubs
 *(.glue_7)
 .glue_7        0x0000184c        0x0 linker stubs
 *(.rodata .rodata* .gnu.linkonce.r.*)
 .rodata        0x0000184c       0x44 C:\Users\Than\AppData\Local\Temp\VMBuilds\XeTuDong\energia_energia_tivac_EK-TM4C1294XL\Debug\XeTuDong.cpp.o
 .rodata.loop.str1.1
                0x00001890       0x18 C:\Users\Than\AppData\Local\Temp\VMBuilds\XeTuDong\energia_energia_tivac_EK-TM4C1294XL\Debug\XeTuDong.cpp.o
                                 0x19 (size before relaxing)
 .rodata.digital_pin_to_analog_in
                0x000018a8      0x180 C:\Users\Than\AppData\Local\Temp\VMBuilds\XeTuDong\energia_energia_tivac_EK-TM4C1294XL\Debug/core.a(wiring_digital.c.o)
                0x000018a8                digital_pin_to_analog_in
 .rodata.digital_pin_to_bit_mask
                0x00001a28       0x60 C:\Users\Than\AppData\Local\Temp\VMBuilds\XeTuDong\energia_energia_tivac_EK-TM4C1294XL\Debug/core.a(wiring_digital.c.o)
                0x00001a28                digital_pin_to_bit_mask
 .rodata.digital_pin_to_port
                0x00001a88       0x60 C:\Users\Than\AppData\Local\Temp\VMBuilds\XeTuDong\energia_energia_tivac_EK-TM4C1294XL\Debug/core.a(wiring_digital.c.o)
                0x00001a88                digital_pin_to_port
 .rodata.port_to_base
                0x00001ae8       0x40 C:\Users\Than\AppData\Local\Temp\VMBuilds\XeTuDong\energia_energia_tivac_EK-TM4C1294XL\Debug/core.a(wiring_digital.c.o)
                0x00001ae8                port_to_base
 .rodata._ZL11g_ulUARTInt
                0x00001b28       0x20 C:\Users\Than\AppData\Local\Temp\VMBuilds\XeTuDong\energia_energia_tivac_EK-TM4C1294XL\Debug/core.a(HardwareSerial.cpp.o)
 .rodata._ZL12g_ulUARTBase
                0x00001b48       0x20 C:\Users\Than\AppData\Local\Temp\VMBuilds\XeTuDong\energia_energia_tivac_EK-TM4C1294XL\Debug/core.a(HardwareSerial.cpp.o)
 .rodata._ZL12g_ulUARTPins
                0x00001b68       0x20 C:\Users\Than\AppData\Local\Temp\VMBuilds\XeTuDong\energia_energia_tivac_EK-TM4C1294XL\Debug/core.a(HardwareSerial.cpp.o)
 .rodata._ZL12g_ulUARTPort
                0x00001b88       0x20 C:\Users\Than\AppData\Local\Temp\VMBuilds\XeTuDong\energia_energia_tivac_EK-TM4C1294XL\Debug/core.a(HardwareSerial.cpp.o)
 .rodata._ZL14g_ulUARTConfig
                0x00001ba8       0x40 C:\Users\Than\AppData\Local\Temp\VMBuilds\XeTuDong\energia_energia_tivac_EK-TM4C1294XL\Debug/core.a(HardwareSerial.cpp.o)
 .rodata._ZL14g_ulUARTPeriph
                0x00001be8       0x20 C:\Users\Than\AppData\Local\Temp\VMBuilds\XeTuDong\energia_energia_tivac_EK-TM4C1294XL\Debug/core.a(HardwareSerial.cpp.o)
 .rodata._ZTV14HardwareSerial
                0x00001c08       0x24 C:\Users\Than\AppData\Local\Temp\VMBuilds\XeTuDong\energia_energia_tivac_EK-TM4C1294XL\Debug/core.a(HardwareSerial.cpp.o)
                0x00001c08                vtable for HardwareSerial
 .rodata._ZN5Print7printlnEv.str1.1
                0x00001c2c        0x3 C:\Users\Than\AppData\Local\Temp\VMBuilds\XeTuDong\energia_energia_tivac_EK-TM4C1294XL\Debug/core.a(Print.cpp.o)
 *fill*         0x00001c2f        0x1 
 .rodata.g_pppui32XTALtoVCO
                0x00001c30      0x1b0 C:\Users\Than\AppData\Local\Energia15\packages\energia\hardware\tivac\1.0.3\system/driverlib/libdriverlib.a(sysctl.o)
 .rodata.g_pui32VCOFrequencies
                0x00001de0        0x8 C:\Users\Than\AppData\Local\Energia15\packages\energia\hardware\tivac\1.0.3\system/driverlib/libdriverlib.a(sysctl.o)
 .rodata.g_sXTALtoMEMTIM
                0x00001de8       0x30 C:\Users\Than\AppData\Local\Energia15\packages\energia\hardware\tivac\1.0.3\system/driverlib/libdriverlib.a(sysctl.o)
 .rodata.g_pui32Xtals
                0x00001e18       0x6c C:\Users\Than\AppData\Local\Energia15\packages\energia\hardware\tivac\1.0.3\system/driverlib/libdriverlib.a(sysctl.o)
 *(.ARM.extab* .gnu.linkonce.armextab.*)
                0x00001e84                . = ALIGN (0x4)
 *(.init)
                0x00001e84                . = ALIGN (0x4)
                0x00001e84                __preinit_array_start = .
 *(SORT(.preinit_array*))
 *(.preinit_array)
                0x00001e84                __preinit_array_end = .
                0x00001e84                . = ALIGN (0x4)
                0x00001e84                __init_array_start = .
 *(SORT(.init_array.*))
 *(.init_array)
 .init_array    0x00001e84        0x4 C:\Users\Than\AppData\Local\Temp\VMBuilds\XeTuDong\energia_energia_tivac_EK-TM4C1294XL\Debug\XeTuDong.cpp.o
 .init_array    0x00001e88        0x4 C:\Users\Than\AppData\Local\Temp\VMBuilds\XeTuDong\energia_energia_tivac_EK-TM4C1294XL\Debug/core.a(HardwareSerial.cpp.o)
                0x00001e8c                __init_array_end = .
                0x00001e8c                . = ALIGN (0x4)
 *(.fini)
                0x00001e8c                . = ALIGN (0x4)
                0x00001e8c                __fini_array_start = .
 *(.fini_array)
 *(SORT(.fini_array.*))
                0x00001e8c                __fini_array_end = .
                0x00001e8c                . = ALIGN (0x4)
                0x00001e8c                _etext = .

.vfp11_veneer   0x00001e8c        0x0
 .vfp11_veneer  0x00001e8c        0x0 linker stubs

.v4_bx          0x00001e8c        0x0
 .v4_bx         0x00001e8c        0x0 linker stubs

.iplt           0x00001e8c        0x0
 .iplt          0x00001e8c        0x0 C:\Users\Than\AppData\Local\Temp\VMBuilds\XeTuDong\energia_energia_tivac_EK-TM4C1294XL\Debug\XeTuDong.cpp.o

.rel.dyn        0x00001e8c        0x0
 .rel.iplt      0x00001e8c        0x0 C:\Users\Than\AppData\Local\Temp\VMBuilds\XeTuDong\energia_energia_tivac_EK-TM4C1294XL\Debug\XeTuDong.cpp.o

.data           0x20000000       0x68 load address 0x00001e8c
                0x20000000                . = ALIGN (0x4)
                0x20000000                _data = .
 *(vtable)
 *(.data .data* .gnu.linkonce.d.*)
 .data._readResolution
                0x20000000        0x4 C:\Users\Than\AppData\Local\Temp\VMBuilds\XeTuDong\energia_energia_tivac_EK-TM4C1294XL\Debug/core.a(wiring_analog.c.o)
 .data._impure_ptr
                0x20000004        0x4 c:/users/than/appdata/local/energia15/packages/energia/tools/arm-none-eabi-gcc/6.3.1-20170620/bin/../lib/gcc/arm-none-eabi/6.3.1/../../../../arm-none-eabi/lib/thumb/v7e-m/fpv4-sp/hard\libc_nano.a(lib_a-impure.o)
                0x20000004                _impure_ptr
 .data.impure_data
                0x20000008       0x60 c:/users/than/appdata/local/energia15/packages/energia/tools/arm-none-eabi-gcc/6.3.1-20170620/bin/../lib/gcc/arm-none-eabi/6.3.1/../../../../arm-none-eabi/lib/thumb/v7e-m/fpv4-sp/hard\libc_nano.a(lib_a-impure.o)
                0x20000068                _edata = .

.igot.plt       0x20000068        0x0 load address 0x00001ef4
 .igot.plt      0x20000068        0x0 C:\Users\Than\AppData\Local\Temp\VMBuilds\XeTuDong\energia_energia_tivac_EK-TM4C1294XL\Debug\XeTuDong.cpp.o

.bss            0x20000068      0x5e8 load address 0x00001ef4
                0x20000068                . = ALIGN (0x4)
                0x20000068                _bss = .
 *(.bss .bss*)
 .bss.lineAdc   0x20000068      0x158 C:\Users\Than\AppData\Local\Temp\VMBuilds\XeTuDong\energia_energia_tivac_EK-TM4C1294XL\Debug\XeTuDong.cpp.o
                0x20000068                lineAdc
 .bss.mode      0x200001c0        0x4 C:\Users\Than\AppData\Local\Temp\VMBuilds\XeTuDong\energia_energia_tivac_EK-TM4C1294XL\Debug\XeTuDong.cpp.o
                0x200001c0                mode
 .bss.omni3     0x200001c4        0xc C:\Users\Than\AppData\Local\Temp\VMBuilds\XeTuDong\energia_energia_tivac_EK-TM4C1294XL\Debug\XeTuDong.cpp.o
                0x200001c4                omni3
 .bss.x         0x200001d0       0x24 C:\Users\Than\AppData\Local\Temp\VMBuilds\XeTuDong\energia_energia_tivac_EK-TM4C1294XL\Debug\XeTuDong.cpp.o
                0x200001d0                x
 .bss.y         0x200001f4       0x24 C:\Users\Than\AppData\Local\Temp\VMBuilds\XeTuDong\energia_energia_tivac_EK-TM4C1294XL\Debug\XeTuDong.cpp.o
                0x200001f4                y
 .bss.heap_end.7731
                0x20000218        0x4 C:\Users\Than\AppData\Local\Temp\VMBuilds\XeTuDong\energia_energia_tivac_EK-TM4C1294XL\Debug/core.a(startup_gcc.c.o)
 .bss.cbFuncsA  0x2000021c       0x20 C:\Users\Than\AppData\Local\Temp\VMBuilds\XeTuDong\energia_energia_tivac_EK-TM4C1294XL\Debug/core.a(WInterrupts.c.o)
 .bss.cbFuncsB  0x2000023c       0x20 C:\Users\Than\AppData\Local\Temp\VMBuilds\XeTuDong\energia_energia_tivac_EK-TM4C1294XL\Debug/core.a(WInterrupts.c.o)
 .bss.cbFuncsC  0x2000025c       0x20 C:\Users\Than\AppData\Local\Temp\VMBuilds\XeTuDong\energia_energia_tivac_EK-TM4C1294XL\Debug/core.a(WInterrupts.c.o)
 .bss.cbFuncsD  0x2000027c       0x20 C:\Users\Than\AppData\Local\Temp\VMBuilds\XeTuDong\energia_energia_tivac_EK-TM4C1294XL\Debug/core.a(WInterrupts.c.o)
 .bss.cbFuncsE  0x2000029c       0x20 C:\Users\Than\AppData\Local\Temp\VMBuilds\XeTuDong\energia_energia_tivac_EK-TM4C1294XL\Debug/core.a(WInterrupts.c.o)
 .bss.cbFuncsF  0x200002bc       0x20 C:\Users\Than\AppData\Local\Temp\VMBuilds\XeTuDong\energia_energia_tivac_EK-TM4C1294XL\Debug/core.a(WInterrupts.c.o)
 .bss.cbFuncsG  0x200002dc       0x20 C:\Users\Than\AppData\Local\Temp\VMBuilds\XeTuDong\energia_energia_tivac_EK-TM4C1294XL\Debug/core.a(WInterrupts.c.o)
 .bss.cbFuncsH  0x200002fc       0x20 C:\Users\Than\AppData\Local\Temp\VMBuilds\XeTuDong\energia_energia_tivac_EK-TM4C1294XL\Debug/core.a(WInterrupts.c.o)
 .bss.cbFuncsJ  0x2000031c       0x20 C:\Users\Than\AppData\Local\Temp\VMBuilds\XeTuDong\energia_energia_tivac_EK-TM4C1294XL\Debug/core.a(WInterrupts.c.o)
 .bss.cbFuncsK  0x2000033c       0x20 C:\Users\Than\AppData\Local\Temp\VMBuilds\XeTuDong\energia_energia_tivac_EK-TM4C1294XL\Debug/core.a(WInterrupts.c.o)
 .bss.cbFuncsL  0x2000035c       0x20 C:\Users\Than\AppData\Local\Temp\VMBuilds\XeTuDong\energia_energia_tivac_EK-TM4C1294XL\Debug/core.a(WInterrupts.c.o)
 .bss.cbFuncsM  0x2000037c       0x20 C:\Users\Than\AppData\Local\Temp\VMBuilds\XeTuDong\energia_energia_tivac_EK-TM4C1294XL\Debug/core.a(WInterrupts.c.o)
 .bss.cbFuncsN  0x2000039c       0x20 C:\Users\Than\AppData\Local\Temp\VMBuilds\XeTuDong\energia_energia_tivac_EK-TM4C1294XL\Debug/core.a(WInterrupts.c.o)
 .bss.cbFuncsP  0x200003bc       0x20 C:\Users\Than\AppData\Local\Temp\VMBuilds\XeTuDong\energia_energia_tivac_EK-TM4C1294XL\Debug/core.a(WInterrupts.c.o)
 .bss.cbFuncsQ  0x200003dc       0x20 C:\Users\Than\AppData\Local\Temp\VMBuilds\XeTuDong\energia_energia_tivac_EK-TM4C1294XL\Debug/core.a(WInterrupts.c.o)
 .bss.cbFuncsR  0x200003fc       0x20 C:\Users\Than\AppData\Local\Temp\VMBuilds\XeTuDong\energia_energia_tivac_EK-TM4C1294XL\Debug/core.a(WInterrupts.c.o)
 .bss.cbFuncsS  0x2000041c       0x20 C:\Users\Than\AppData\Local\Temp\VMBuilds\XeTuDong\energia_energia_tivac_EK-TM4C1294XL\Debug/core.a(WInterrupts.c.o)
 .bss.cbFuncsT  0x2000043c       0x20 C:\Users\Than\AppData\Local\Temp\VMBuilds\XeTuDong\energia_energia_tivac_EK-TM4C1294XL\Debug/core.a(WInterrupts.c.o)
 .bss.SysTickCbFuncs
                0x2000045c       0x20 C:\Users\Than\AppData\Local\Temp\VMBuilds\XeTuDong\energia_energia_tivac_EK-TM4C1294XL\Debug/core.a(wiring.c.o)
 .bss.milliseconds
                0x2000047c        0x4 C:\Users\Than\AppData\Local\Temp\VMBuilds\XeTuDong\energia_energia_tivac_EK-TM4C1294XL\Debug/core.a(wiring.c.o)
 .bss.Serial    0x20000480       0x38 C:\Users\Than\AppData\Local\Temp\VMBuilds\XeTuDong\energia_energia_tivac_EK-TM4C1294XL\Debug/core.a(HardwareSerial.cpp.o)
                0x20000480                Serial
 .bss.Serial1   0x200004b8       0x38 C:\Users\Than\AppData\Local\Temp\VMBuilds\XeTuDong\energia_energia_tivac_EK-TM4C1294XL\Debug/core.a(HardwareSerial.cpp.o)
                0x200004b8                Serial1
 .bss.Serial2   0x200004f0       0x38 C:\Users\Than\AppData\Local\Temp\VMBuilds\XeTuDong\energia_energia_tivac_EK-TM4C1294XL\Debug/core.a(HardwareSerial.cpp.o)
                0x200004f0                Serial2
 .bss.Serial3   0x20000528       0x38 C:\Users\Than\AppData\Local\Temp\VMBuilds\XeTuDong\energia_energia_tivac_EK-TM4C1294XL\Debug/core.a(HardwareSerial.cpp.o)
                0x20000528                Serial3
 .bss.Serial4   0x20000560       0x38 C:\Users\Than\AppData\Local\Temp\VMBuilds\XeTuDong\energia_energia_tivac_EK-TM4C1294XL\Debug/core.a(HardwareSerial.cpp.o)
                0x20000560                Serial4
 .bss.Serial5   0x20000598       0x38 C:\Users\Than\AppData\Local\Temp\VMBuilds\XeTuDong\energia_energia_tivac_EK-TM4C1294XL\Debug/core.a(HardwareSerial.cpp.o)
                0x20000598                Serial5
 .bss.Serial6   0x200005d0       0x38 C:\Users\Than\AppData\Local\Temp\VMBuilds\XeTuDong\energia_energia_tivac_EK-TM4C1294XL\Debug/core.a(HardwareSerial.cpp.o)
                0x200005d0                Serial6
 .bss.Serial7   0x20000608       0x38 C:\Users\Than\AppData\Local\Temp\VMBuilds\XeTuDong\energia_energia_tivac_EK-TM4C1294XL\Debug/core.a(HardwareSerial.cpp.o)
                0x20000608                Serial7
 .bss.__malloc_free_list
                0x20000640        0x4 c:/users/than/appdata/local/energia15/packages/energia/tools/arm-none-eabi-gcc/6.3.1-20170620/bin/../lib/gcc/arm-none-eabi/6.3.1/../../../../arm-none-eabi/lib/thumb/v7e-m/fpv4-sp/hard\libc_nano.a(lib_a-nano-mallocr.o)
                0x20000640                __malloc_free_list
 .bss.__malloc_sbrk_start
                0x20000644        0x4 c:/users/than/appdata/local/energia15/packages/energia/tools/arm-none-eabi-gcc/6.3.1-20170620/bin/../lib/gcc/arm-none-eabi/6.3.1/../../../../arm-none-eabi/lib/thumb/v7e-m/fpv4-sp/hard\libc_nano.a(lib_a-nano-mallocr.o)
                0x20000644                __malloc_sbrk_start
 *(COMMON)
 COMMON         0x20000648        0x4 c:/users/than/appdata/local/energia15/packages/energia/tools/arm-none-eabi-gcc/6.3.1-20170620/bin/../lib/gcc/arm-none-eabi/6.3.1/../../../../arm-none-eabi/lib/thumb/v7e-m/fpv4-sp/hard\libc_nano.a(lib_a-reent.o)
                0x20000648                errno
                0x2000064c                . = ALIGN (0x4)
                0x2000064c                _ebss = .
                0x20000650                . = ALIGN (0x8)
 *fill*         0x2000064c        0x4 
                [!provide]                PROVIDE (__exidx_start, .)

.ARM.exidx
 *(.ARM.exidx* .gnu.linkonce.armexidx.*)
                [!provide]                PROVIDE (__exidx_end, .)
                0x20000650                . = ALIGN (0x4)
                0x20000650                _end = .
                0x20000650                PROVIDE (end, _end)
                0x20040000                PROVIDE (_estack, (ORIGIN (ram) + LENGTH (ram)))
OUTPUT(C:\Users\Than\AppData\Local\Temp\VMBuilds\XeTuDong\energia_energia_tivac_EK-TM4C1294XL\Debug/XeTuDong.ino.elf elf32-littlearm)

.debug_info     0x00000000    0x137f2
 .debug_info    0x00000000     0x1dfc C:\Users\Than\AppData\Local\Temp\VMBuilds\XeTuDong\energia_energia_tivac_EK-TM4C1294XL\Debug\XeTuDong.cpp.o
 .debug_info    0x00001dfc     0x187e C:\Users\Than\AppData\Local\Temp\VMBuilds\XeTuDong\energia_energia_tivac_EK-TM4C1294XL\Debug\LineADC.cpp.o
 .debug_info    0x0000367a     0x1aad C:\Users\Than\AppData\Local\Temp\VMBuilds\XeTuDong\energia_energia_tivac_EK-TM4C1294XL\Debug\Omni.cpp.o
 .debug_info    0x00005127     0x13be C:\Users\Than\AppData\Local\Temp\VMBuilds\XeTuDong\energia_energia_tivac_EK-TM4C1294XL\Debug/core.a(startup_gcc.c.o)
 .debug_info    0x000064e5     0x1543 C:\Users\Than\AppData\Local\Temp\VMBuilds\XeTuDong\energia_energia_tivac_EK-TM4C1294XL\Debug/core.a(WInterrupts.c.o)
 .debug_info    0x00007a28     0x108f C:\Users\Than\AppData\Local\Temp\VMBuilds\XeTuDong\energia_energia_tivac_EK-TM4C1294XL\Debug/core.a(wiring.c.o)
 .debug_info    0x00008ab7     0x12f0 C:\Users\Than\AppData\Local\Temp\VMBuilds\XeTuDong\energia_energia_tivac_EK-TM4C1294XL\Debug/core.a(wiring_analog.c.o)
 .debug_info    0x00009da7      0xfd2 C:\Users\Than\AppData\Local\Temp\VMBuilds\XeTuDong\energia_energia_tivac_EK-TM4C1294XL\Debug/core.a(wiring_digital.c.o)
 .debug_info    0x0000ad79     0x389e C:\Users\Than\AppData\Local\Temp\VMBuilds\XeTuDong\energia_energia_tivac_EK-TM4C1294XL\Debug/core.a(HardwareSerial.cpp.o)
 .debug_info    0x0000e617     0x16de C:\Users\Than\AppData\Local\Temp\VMBuilds\XeTuDong\energia_energia_tivac_EK-TM4C1294XL\Debug/core.a(main.cpp.o)
 .debug_info    0x0000fcf5     0x3afd C:\Users\Than\AppData\Local\Temp\VMBuilds\XeTuDong\energia_energia_tivac_EK-TM4C1294XL\Debug/core.a(Print.cpp.o)

.debug_abbrev   0x00000000     0x2fad
 .debug_abbrev  0x00000000      0x4ba C:\Users\Than\AppData\Local\Temp\VMBuilds\XeTuDong\energia_energia_tivac_EK-TM4C1294XL\Debug\XeTuDong.cpp.o
 .debug_abbrev  0x000004ba      0x45c C:\Users\Than\AppData\Local\Temp\VMBuilds\XeTuDong\energia_energia_tivac_EK-TM4C1294XL\Debug\LineADC.cpp.o
 .debug_abbrev  0x00000916      0x486 C:\Users\Than\AppData\Local\Temp\VMBuilds\XeTuDong\energia_energia_tivac_EK-TM4C1294XL\Debug\Omni.cpp.o
 .debug_abbrev  0x00000d9c      0x343 C:\Users\Than\AppData\Local\Temp\VMBuilds\XeTuDong\energia_energia_tivac_EK-TM4C1294XL\Debug/core.a(startup_gcc.c.o)
 .debug_abbrev  0x000010df      0x30c C:\Users\Than\AppData\Local\Temp\VMBuilds\XeTuDong\energia_energia_tivac_EK-TM4C1294XL\Debug/core.a(WInterrupts.c.o)
 .debug_abbrev  0x000013eb      0x364 C:\Users\Than\AppData\Local\Temp\VMBuilds\XeTuDong\energia_energia_tivac_EK-TM4C1294XL\Debug/core.a(wiring.c.o)
 .debug_abbrev  0x0000174f      0x3cc C:\Users\Than\AppData\Local\Temp\VMBuilds\XeTuDong\energia_energia_tivac_EK-TM4C1294XL\Debug/core.a(wiring_analog.c.o)
 .debug_abbrev  0x00001b1b      0x285 C:\Users\Than\AppData\Local\Temp\VMBuilds\XeTuDong\energia_energia_tivac_EK-TM4C1294XL\Debug/core.a(wiring_digital.c.o)
 .debug_abbrev  0x00001da0      0x7d2 C:\Users\Than\AppData\Local\Temp\VMBuilds\XeTuDong\energia_energia_tivac_EK-TM4C1294XL\Debug/core.a(HardwareSerial.cpp.o)
 .debug_abbrev  0x00002572      0x386 C:\Users\Than\AppData\Local\Temp\VMBuilds\XeTuDong\energia_energia_tivac_EK-TM4C1294XL\Debug/core.a(main.cpp.o)
 .debug_abbrev  0x000028f8      0x6b5 C:\Users\Than\AppData\Local\Temp\VMBuilds\XeTuDong\energia_energia_tivac_EK-TM4C1294XL\Debug/core.a(Print.cpp.o)

.debug_loc      0x00000000     0x2da1
 .debug_loc     0x00000000       0xa4 C:\Users\Than\AppData\Local\Temp\VMBuilds\XeTuDong\energia_energia_tivac_EK-TM4C1294XL\Debug\XeTuDong.cpp.o
 .debug_loc     0x000000a4      0x1b8 C:\Users\Than\AppData\Local\Temp\VMBuilds\XeTuDong\energia_energia_tivac_EK-TM4C1294XL\Debug\LineADC.cpp.o
 .debug_loc     0x0000025c      0x316 C:\Users\Than\AppData\Local\Temp\VMBuilds\XeTuDong\energia_energia_tivac_EK-TM4C1294XL\Debug\Omni.cpp.o
 .debug_loc     0x00000572      0x1ca C:\Users\Than\AppData\Local\Temp\VMBuilds\XeTuDong\energia_energia_tivac_EK-TM4C1294XL\Debug/core.a(startup_gcc.c.o)
 .debug_loc     0x0000073c      0x321 C:\Users\Than\AppData\Local\Temp\VMBuilds\XeTuDong\energia_energia_tivac_EK-TM4C1294XL\Debug/core.a(WInterrupts.c.o)
 .debug_loc     0x00000a5d      0x144 C:\Users\Than\AppData\Local\Temp\VMBuilds\XeTuDong\energia_energia_tivac_EK-TM4C1294XL\Debug/core.a(wiring.c.o)
 .debug_loc     0x00000ba1      0x497 C:\Users\Than\AppData\Local\Temp\VMBuilds\XeTuDong\energia_energia_tivac_EK-TM4C1294XL\Debug/core.a(wiring_analog.c.o)
 .debug_loc     0x00001038      0x5a5 C:\Users\Than\AppData\Local\Temp\VMBuilds\XeTuDong\energia_energia_tivac_EK-TM4C1294XL\Debug/core.a(wiring_digital.c.o)
 .debug_loc     0x000015dd      0x4b4 C:\Users\Than\AppData\Local\Temp\VMBuilds\XeTuDong\energia_energia_tivac_EK-TM4C1294XL\Debug/core.a(HardwareSerial.cpp.o)
 .debug_loc     0x00001a91     0x1310 C:\Users\Than\AppData\Local\Temp\VMBuilds\XeTuDong\energia_energia_tivac_EK-TM4C1294XL\Debug/core.a(Print.cpp.o)

.debug_aranges  0x00000000      0x538
 .debug_aranges
                0x00000000       0x30 C:\Users\Than\AppData\Local\Temp\VMBuilds\XeTuDong\energia_energia_tivac_EK-TM4C1294XL\Debug\XeTuDong.cpp.o
 .debug_aranges
                0x00000030       0x48 C:\Users\Than\AppData\Local\Temp\VMBuilds\XeTuDong\energia_energia_tivac_EK-TM4C1294XL\Debug\LineADC.cpp.o
 .debug_aranges
                0x00000078       0x58 C:\Users\Than\AppData\Local\Temp\VMBuilds\XeTuDong\energia_energia_tivac_EK-TM4C1294XL\Debug\Omni.cpp.o
 .debug_aranges
                0x000000d0       0x90 C:\Users\Than\AppData\Local\Temp\VMBuilds\XeTuDong\energia_energia_tivac_EK-TM4C1294XL\Debug/core.a(startup_gcc.c.o)
 .debug_aranges
                0x00000160       0xc0 C:\Users\Than\AppData\Local\Temp\VMBuilds\XeTuDong\energia_energia_tivac_EK-TM4C1294XL\Debug/core.a(WInterrupts.c.o)
 .debug_aranges
                0x00000220       0x70 C:\Users\Than\AppData\Local\Temp\VMBuilds\XeTuDong\energia_energia_tivac_EK-TM4C1294XL\Debug/core.a(wiring.c.o)
 .debug_aranges
                0x00000290       0x58 C:\Users\Than\AppData\Local\Temp\VMBuilds\XeTuDong\energia_energia_tivac_EK-TM4C1294XL\Debug/core.a(wiring_analog.c.o)
 .debug_aranges
                0x000002e8       0x30 C:\Users\Than\AppData\Local\Temp\VMBuilds\XeTuDong\energia_energia_tivac_EK-TM4C1294XL\Debug/core.a(wiring_digital.c.o)
 .debug_aranges
                0x00000318       0xf8 C:\Users\Than\AppData\Local\Temp\VMBuilds\XeTuDong\energia_energia_tivac_EK-TM4C1294XL\Debug/core.a(HardwareSerial.cpp.o)
 .debug_aranges
                0x00000410       0x28 C:\Users\Than\AppData\Local\Temp\VMBuilds\XeTuDong\energia_energia_tivac_EK-TM4C1294XL\Debug/core.a(main.cpp.o)
 .debug_aranges
                0x00000438      0x100 C:\Users\Than\AppData\Local\Temp\VMBuilds\XeTuDong\energia_energia_tivac_EK-TM4C1294XL\Debug/core.a(Print.cpp.o)

.debug_ranges   0x00000000      0x640
 .debug_ranges  0x00000000       0x50 C:\Users\Than\AppData\Local\Temp\VMBuilds\XeTuDong\energia_energia_tivac_EK-TM4C1294XL\Debug\XeTuDong.cpp.o
 .debug_ranges  0x00000050       0x68 C:\Users\Than\AppData\Local\Temp\VMBuilds\XeTuDong\energia_energia_tivac_EK-TM4C1294XL\Debug\LineADC.cpp.o
 .debug_ranges  0x000000b8       0x48 C:\Users\Than\AppData\Local\Temp\VMBuilds\XeTuDong\energia_energia_tivac_EK-TM4C1294XL\Debug\Omni.cpp.o
 .debug_ranges  0x00000100       0x80 C:\Users\Than\AppData\Local\Temp\VMBuilds\XeTuDong\energia_energia_tivac_EK-TM4C1294XL\Debug/core.a(startup_gcc.c.o)
 .debug_ranges  0x00000180       0xb0 C:\Users\Than\AppData\Local\Temp\VMBuilds\XeTuDong\energia_energia_tivac_EK-TM4C1294XL\Debug/core.a(WInterrupts.c.o)
 .debug_ranges  0x00000230       0x90 C:\Users\Than\AppData\Local\Temp\VMBuilds\XeTuDong\energia_energia_tivac_EK-TM4C1294XL\Debug/core.a(wiring.c.o)
 .debug_ranges  0x000002c0       0x60 C:\Users\Than\AppData\Local\Temp\VMBuilds\XeTuDong\energia_energia_tivac_EK-TM4C1294XL\Debug/core.a(wiring_analog.c.o)
 .debug_ranges  0x00000320       0x20 C:\Users\Than\AppData\Local\Temp\VMBuilds\XeTuDong\energia_energia_tivac_EK-TM4C1294XL\Debug/core.a(wiring_digital.c.o)
 .debug_ranges  0x00000340      0x148 C:\Users\Than\AppData\Local\Temp\VMBuilds\XeTuDong\energia_energia_tivac_EK-TM4C1294XL\Debug/core.a(HardwareSerial.cpp.o)
 .debug_ranges  0x00000488       0x18 C:\Users\Than\AppData\Local\Temp\VMBuilds\XeTuDong\energia_energia_tivac_EK-TM4C1294XL\Debug/core.a(main.cpp.o)
 .debug_ranges  0x000004a0      0x1a0 C:\Users\Than\AppData\Local\Temp\VMBuilds\XeTuDong\energia_energia_tivac_EK-TM4C1294XL\Debug/core.a(Print.cpp.o)

.debug_line     0x00000000     0x415c
 .debug_line    0x00000000      0x61d C:\Users\Than\AppData\Local\Temp\VMBuilds\XeTuDong\energia_energia_tivac_EK-TM4C1294XL\Debug\XeTuDong.cpp.o
 .debug_line    0x0000061d      0x62f C:\Users\Than\AppData\Local\Temp\VMBuilds\XeTuDong\energia_energia_tivac_EK-TM4C1294XL\Debug\LineADC.cpp.o
 .debug_line    0x00000c4c      0x653 C:\Users\Than\AppData\Local\Temp\VMBuilds\XeTuDong\energia_energia_tivac_EK-TM4C1294XL\Debug\Omni.cpp.o
 .debug_line    0x0000129f      0x4c2 C:\Users\Than\AppData\Local\Temp\VMBuilds\XeTuDong\energia_energia_tivac_EK-TM4C1294XL\Debug/core.a(startup_gcc.c.o)
 .debug_line    0x00001761      0x5cc C:\Users\Than\AppData\Local\Temp\VMBuilds\XeTuDong\energia_energia_tivac_EK-TM4C1294XL\Debug/core.a(WInterrupts.c.o)
 .debug_line    0x00001d2d      0x541 C:\Users\Than\AppData\Local\Temp\VMBuilds\XeTuDong\energia_energia_tivac_EK-TM4C1294XL\Debug/core.a(wiring.c.o)
 .debug_line    0x0000226e      0x43b C:\Users\Than\AppData\Local\Temp\VMBuilds\XeTuDong\energia_energia_tivac_EK-TM4C1294XL\Debug/core.a(wiring_analog.c.o)
 .debug_line    0x000026a9      0x413 C:\Users\Than\AppData\Local\Temp\VMBuilds\XeTuDong\energia_energia_tivac_EK-TM4C1294XL\Debug/core.a(wiring_digital.c.o)
 .debug_line    0x00002abc      0x8cd C:\Users\Than\AppData\Local\Temp\VMBuilds\XeTuDong\energia_energia_tivac_EK-TM4C1294XL\Debug/core.a(HardwareSerial.cpp.o)
 .debug_line    0x00003389      0x5bb C:\Users\Than\AppData\Local\Temp\VMBuilds\XeTuDong\energia_energia_tivac_EK-TM4C1294XL\Debug/core.a(main.cpp.o)
 .debug_line    0x00003944      0x818 C:\Users\Than\AppData\Local\Temp\VMBuilds\XeTuDong\energia_energia_tivac_EK-TM4C1294XL\Debug/core.a(Print.cpp.o)

.debug_str      0x00000000     0x3240
 .debug_str     0x00000000      0xd89 C:\Users\Than\AppData\Local\Temp\VMBuilds\XeTuDong\energia_energia_tivac_EK-TM4C1294XL\Debug\XeTuDong.cpp.o
                                0xeef (size before relaxing)
 .debug_str     0x00000d89       0x7a C:\Users\Than\AppData\Local\Temp\VMBuilds\XeTuDong\energia_energia_tivac_EK-TM4C1294XL\Debug\LineADC.cpp.o
                                0xcb0 (size before relaxing)
 .debug_str     0x00000e03       0xe6 C:\Users\Than\AppData\Local\Temp\VMBuilds\XeTuDong\energia_energia_tivac_EK-TM4C1294XL\Debug\Omni.cpp.o
                                0xcff (size before relaxing)
 .debug_str     0x00000ee9      0x435 C:\Users\Than\AppData\Local\Temp\VMBuilds\XeTuDong\energia_energia_tivac_EK-TM4C1294XL\Debug/core.a(startup_gcc.c.o)
                                0xbfe (size before relaxing)
 .debug_str     0x0000131e      0x2be C:\Users\Than\AppData\Local\Temp\VMBuilds\XeTuDong\energia_energia_tivac_EK-TM4C1294XL\Debug/core.a(WInterrupts.c.o)
                                0xb40 (size before relaxing)
 .debug_str     0x000015dc      0x15d C:\Users\Than\AppData\Local\Temp\VMBuilds\XeTuDong\energia_energia_tivac_EK-TM4C1294XL\Debug/core.a(wiring.c.o)
                                0x9d8 (size before relaxing)
 .debug_str     0x00001739      0x138 C:\Users\Than\AppData\Local\Temp\VMBuilds\XeTuDong\energia_energia_tivac_EK-TM4C1294XL\Debug/core.a(wiring_analog.c.o)
                                0x9f9 (size before relaxing)
 .debug_str     0x00001871       0x7a C:\Users\Than\AppData\Local\Temp\VMBuilds\XeTuDong\energia_energia_tivac_EK-TM4C1294XL\Debug/core.a(wiring_digital.c.o)
                                0x928 (size before relaxing)
 .debug_str     0x000018eb     0x14cb C:\Users\Than\AppData\Local\Temp\VMBuilds\XeTuDong\energia_energia_tivac_EK-TM4C1294XL\Debug/core.a(HardwareSerial.cpp.o)
                               0x20f9 (size before relaxing)
 .debug_str     0x00002db6       0x89 C:\Users\Than\AppData\Local\Temp\VMBuilds\XeTuDong\energia_energia_tivac_EK-TM4C1294XL\Debug/core.a(main.cpp.o)
                                0xba2 (size before relaxing)
 .debug_str     0x00002e3f      0x401 C:\Users\Than\AppData\Local\Temp\VMBuilds\XeTuDong\energia_energia_tivac_EK-TM4C1294XL\Debug/core.a(Print.cpp.o)
                               0x1aef (size before relaxing)

.comment        0x00000000       0xef
 .comment       0x00000000       0x7f C:\Users\Than\AppData\Local\Temp\VMBuilds\XeTuDong\energia_energia_tivac_EK-TM4C1294XL\Debug\XeTuDong.cpp.o
                                 0x80 (size before relaxing)
 .comment       0x0000007f       0x80 C:\Users\Than\AppData\Local\Temp\VMBuilds\XeTuDong\energia_energia_tivac_EK-TM4C1294XL\Debug\LineADC.cpp.o
 .comment       0x0000007f       0x80 C:\Users\Than\AppData\Local\Temp\VMBuilds\XeTuDong\energia_energia_tivac_EK-TM4C1294XL\Debug\Omni.cpp.o
 .comment       0x0000007f       0x80 C:\Users\Than\AppData\Local\Temp\VMBuilds\XeTuDong\energia_energia_tivac_EK-TM4C1294XL\Debug/core.a(startup_gcc.c.o)
 .comment       0x0000007f       0x80 C:\Users\Than\AppData\Local\Temp\VMBuilds\XeTuDong\energia_energia_tivac_EK-TM4C1294XL\Debug/core.a(WInterrupts.c.o)
 .comment       0x0000007f       0x80 C:\Users\Than\AppData\Local\Temp\VMBuilds\XeTuDong\energia_energia_tivac_EK-TM4C1294XL\Debug/core.a(wiring.c.o)
 .comment       0x0000007f       0x80 C:\Users\Than\AppData\Local\Temp\VMBuilds\XeTuDong\energia_energia_tivac_EK-TM4C1294XL\Debug/core.a(wiring_analog.c.o)
 .comment       0x0000007f       0x80 C:\Users\Than\AppData\Local\Temp\VMBuilds\XeTuDong\energia_energia_tivac_EK-TM4C1294XL\Debug/core.a(wiring_digital.c.o)
 .comment       0x0000007f       0x80 C:\Users\Than\AppData\Local\Temp\VMBuilds\XeTuDong\energia_energia_tivac_EK-TM4C1294XL\Debug/core.a(HardwareSerial.cpp.o)
 .comment       0x0000007f       0x80 C:\Users\Than\AppData\Local\Temp\VMBuilds\XeTuDong\energia_energia_tivac_EK-TM4C1294XL\Debug/core.a(main.cpp.o)
 .comment       0x0000007f       0x80 C:\Users\Than\AppData\Local\Temp\VMBuilds\XeTuDong\energia_energia_tivac_EK-TM4C1294XL\Debug/core.a(Print.cpp.o)
 .comment       0x0000007f       0x70 C:\Users\Than\AppData\Local\Energia15\packages\energia\hardware\tivac\1.0.3\system/driverlib/libdriverlib.a(eeprom.o)
                                 0x71 (size before relaxing)
 .comment       0x000000ef       0x71 C:\Users\Than\AppData\Local\Energia15\packages\energia\hardware\tivac\1.0.3\system/driverlib/libdriverlib.a(gpio.o)
 .comment       0x000000ef       0x71 C:\Users\Than\AppData\Local\Energia15\packages\energia\hardware\tivac\1.0.3\system/driverlib/libdriverlib.a(sysctl.o)

.ARM.attributes
                0x00000000       0x37
 .ARM.attributes
                0x00000000       0x39 C:\Users\Than\AppData\Local\Temp\VMBuilds\XeTuDong\energia_energia_tivac_EK-TM4C1294XL\Debug\XeTuDong.cpp.o
 .ARM.attributes
                0x00000039       0x39 C:\Users\Than\AppData\Local\Temp\VMBuilds\XeTuDong\energia_energia_tivac_EK-TM4C1294XL\Debug\LineADC.cpp.o
 .ARM.attributes
                0x00000072       0x39 C:\Users\Than\AppData\Local\Temp\VMBuilds\XeTuDong\energia_energia_tivac_EK-TM4C1294XL\Debug\Omni.cpp.o
 .ARM.attributes
                0x000000ab       0x39 C:\Users\Than\AppData\Local\Temp\VMBuilds\XeTuDong\energia_energia_tivac_EK-TM4C1294XL\Debug/core.a(startup_gcc.c.o)
 .ARM.attributes
                0x000000e4       0x39 C:\Users\Than\AppData\Local\Temp\VMBuilds\XeTuDong\energia_energia_tivac_EK-TM4C1294XL\Debug/core.a(WInterrupts.c.o)
 .ARM.attributes
                0x0000011d       0x39 C:\Users\Than\AppData\Local\Temp\VMBuilds\XeTuDong\energia_energia_tivac_EK-TM4C1294XL\Debug/core.a(wiring.c.o)
 .ARM.attributes
                0x00000156       0x39 C:\Users\Than\AppData\Local\Temp\VMBuilds\XeTuDong\energia_energia_tivac_EK-TM4C1294XL\Debug/core.a(wiring_analog.c.o)
 .ARM.attributes
                0x0000018f       0x39 C:\Users\Than\AppData\Local\Temp\VMBuilds\XeTuDong\energia_energia_tivac_EK-TM4C1294XL\Debug/core.a(wiring_digital.c.o)
 .ARM.attributes
                0x000001c8       0x39 C:\Users\Than\AppData\Local\Temp\VMBuilds\XeTuDong\energia_energia_tivac_EK-TM4C1294XL\Debug/core.a(HardwareSerial.cpp.o)
 .ARM.attributes
                0x00000201       0x39 C:\Users\Than\AppData\Local\Temp\VMBuilds\XeTuDong\energia_energia_tivac_EK-TM4C1294XL\Debug/core.a(main.cpp.o)
 .ARM.attributes
                0x0000023a       0x39 C:\Users\Than\AppData\Local\Temp\VMBuilds\XeTuDong\energia_energia_tivac_EK-TM4C1294XL\Debug/core.a(Print.cpp.o)
 .ARM.attributes
                0x00000273       0x3b C:\Users\Than\AppData\Local\Energia15\packages\energia\hardware\tivac\1.0.3\system/driverlib/libdriverlib.a(eeprom.o)
 .ARM.attributes
                0x000002ae       0x3b C:\Users\Than\AppData\Local\Energia15\packages\energia\hardware\tivac\1.0.3\system/driverlib/libdriverlib.a(gpio.o)
 .ARM.attributes
                0x000002e9       0x3b C:\Users\Than\AppData\Local\Energia15\packages\energia\hardware\tivac\1.0.3\system/driverlib/libdriverlib.a(sysctl.o)
 .ARM.attributes
                0x00000324       0x34 c:/users/than/appdata/local/energia15/packages/energia/tools/arm-none-eabi-gcc/6.3.1-20170620/bin/../lib/gcc/arm-none-eabi/6.3.1/../../../../arm-none-eabi/lib/thumb/v7e-m/fpv4-sp/hard\libc_nano.a(lib_a-malloc.o)
 .ARM.attributes
                0x00000358       0x34 c:/users/than/appdata/local/energia15/packages/energia/tools/arm-none-eabi-gcc/6.3.1-20170620/bin/../lib/gcc/arm-none-eabi/6.3.1/../../../../arm-none-eabi/lib/thumb/v7e-m/fpv4-sp/hard\libc_nano.a(lib_a-memcpy-stub.o)
 .ARM.attributes
                0x0000038c       0x34 c:/users/than/appdata/local/energia15/packages/energia/tools/arm-none-eabi-gcc/6.3.1-20170620/bin/../lib/gcc/arm-none-eabi/6.3.1/../../../../arm-none-eabi/lib/thumb/v7e-m/fpv4-sp/hard\libc_nano.a(lib_a-nano-freer.o)
 .ARM.attributes
                0x000003c0       0x34 c:/users/than/appdata/local/energia15/packages/energia/tools/arm-none-eabi-gcc/6.3.1-20170620/bin/../lib/gcc/arm-none-eabi/6.3.1/../../../../arm-none-eabi/lib/thumb/v7e-m/fpv4-sp/hard\libc_nano.a(lib_a-nano-mallocr.o)
 .ARM.attributes
                0x000003f4       0x34 c:/users/than/appdata/local/energia15/packages/energia/tools/arm-none-eabi-gcc/6.3.1-20170620/bin/../lib/gcc/arm-none-eabi/6.3.1/../../../../arm-none-eabi/lib/thumb/v7e-m/fpv4-sp/hard\libc_nano.a(lib_a-sbrkr.o)
 .ARM.attributes
                0x00000428       0x1b c:/users/than/appdata/local/energia15/packages/energia/tools/arm-none-eabi-gcc/6.3.1-20170620/bin/../lib/gcc/arm-none-eabi/6.3.1/../../../../arm-none-eabi/lib/thumb/v7e-m/fpv4-sp/hard\libc_nano.a(lib_a-strlen.o)
 .ARM.attributes
                0x00000443       0x34 c:/users/than/appdata/local/energia15/packages/energia/tools/arm-none-eabi-gcc/6.3.1-20170620/bin/../lib/gcc/arm-none-eabi/6.3.1/../../../../arm-none-eabi/lib/thumb/v7e-m/fpv4-sp/hard\libc_nano.a(lib_a-impure.o)
 .ARM.attributes
                0x00000477       0x34 c:/users/than/appdata/local/energia15/packages/energia/tools/arm-none-eabi-gcc/6.3.1-20170620/bin/../lib/gcc/arm-none-eabi/6.3.1/../../../../arm-none-eabi/lib/thumb/v7e-m/fpv4-sp/hard\libc_nano.a(lib_a-mlock.o)
 .ARM.attributes
                0x000004ab       0x34 c:/users/than/appdata/local/energia15/packages/energia/tools/arm-none-eabi-gcc/6.3.1-20170620/bin/../lib/gcc/arm-none-eabi/6.3.1/../../../../arm-none-eabi/lib/thumb/v7e-m/fpv4-sp/hard\libc_nano.a(lib_a-reent.o)

.debug_frame    0x00000000      0xff0
 .debug_frame   0x00000000       0x88 C:\Users\Than\AppData\Local\Temp\VMBuilds\XeTuDong\energia_energia_tivac_EK-TM4C1294XL\Debug\XeTuDong.cpp.o
 .debug_frame   0x00000088       0xcc C:\Users\Than\AppData\Local\Temp\VMBuilds\XeTuDong\energia_energia_tivac_EK-TM4C1294XL\Debug\LineADC.cpp.o
 .debug_frame   0x00000154       0xf0 C:\Users\Than\AppData\Local\Temp\VMBuilds\XeTuDong\energia_energia_tivac_EK-TM4C1294XL\Debug\Omni.cpp.o
 .debug_frame   0x00000244      0x1b0 C:\Users\Than\AppData\Local\Temp\VMBuilds\XeTuDong\energia_energia_tivac_EK-TM4C1294XL\Debug/core.a(startup_gcc.c.o)
 .debug_frame   0x000003f4      0x194 C:\Users\Than\AppData\Local\Temp\VMBuilds\XeTuDong\energia_energia_tivac_EK-TM4C1294XL\Debug/core.a(WInterrupts.c.o)
 .debug_frame   0x00000588      0x13c C:\Users\Than\AppData\Local\Temp\VMBuilds\XeTuDong\energia_energia_tivac_EK-TM4C1294XL\Debug/core.a(wiring.c.o)
 .debug_frame   0x000006c4       0xe4 C:\Users\Than\AppData\Local\Temp\VMBuilds\XeTuDong\energia_energia_tivac_EK-TM4C1294XL\Debug/core.a(wiring_analog.c.o)
 .debug_frame   0x000007a8       0x74 C:\Users\Than\AppData\Local\Temp\VMBuilds\XeTuDong\energia_energia_tivac_EK-TM4C1294XL\Debug/core.a(wiring_digital.c.o)
 .debug_frame   0x0000081c      0x308 C:\Users\Than\AppData\Local\Temp\VMBuilds\XeTuDong\energia_energia_tivac_EK-TM4C1294XL\Debug/core.a(HardwareSerial.cpp.o)
 .debug_frame   0x00000b24       0x48 C:\Users\Than\AppData\Local\Temp\VMBuilds\XeTuDong\energia_energia_tivac_EK-TM4C1294XL\Debug/core.a(main.cpp.o)
 .debug_frame   0x00000b6c      0x310 C:\Users\Than\AppData\Local\Temp\VMBuilds\XeTuDong\energia_energia_tivac_EK-TM4C1294XL\Debug/core.a(Print.cpp.o)
 .debug_frame   0x00000e7c       0x30 c:/users/than/appdata/local/energia15/packages/energia/tools/arm-none-eabi-gcc/6.3.1-20170620/bin/../lib/gcc/arm-none-eabi/6.3.1/../../../../arm-none-eabi/lib/thumb/v7e-m/fpv4-sp/hard\libc_nano.a(lib_a-malloc.o)
 .debug_frame   0x00000eac       0x28 c:/users/than/appdata/local/energia15/packages/energia/tools/arm-none-eabi-gcc/6.3.1-20170620/bin/../lib/gcc/arm-none-eabi/6.3.1/../../../../arm-none-eabi/lib/thumb/v7e-m/fpv4-sp/hard\libc_nano.a(lib_a-memcpy-stub.o)
 .debug_frame   0x00000ed4       0x38 c:/users/than/appdata/local/energia15/packages/energia/tools/arm-none-eabi-gcc/6.3.1-20170620/bin/../lib/gcc/arm-none-eabi/6.3.1/../../../../arm-none-eabi/lib/thumb/v7e-m/fpv4-sp/hard\libc_nano.a(lib_a-nano-freer.o)
 .debug_frame   0x00000f0c       0x2c c:/users/than/appdata/local/energia15/packages/energia/tools/arm-none-eabi-gcc/6.3.1-20170620/bin/../lib/gcc/arm-none-eabi/6.3.1/../../../../arm-none-eabi/lib/thumb/v7e-m/fpv4-sp/hard\libc_nano.a(lib_a-nano-mallocr.o)
 .debug_frame   0x00000f38       0x2c c:/users/than/appdata/local/energia15/packages/energia/tools/arm-none-eabi-gcc/6.3.1-20170620/bin/../lib/gcc/arm-none-eabi/6.3.1/../../../../arm-none-eabi/lib/thumb/v7e-m/fpv4-sp/hard\libc_nano.a(lib_a-sbrkr.o)
 .debug_frame   0x00000f64       0x30 c:/users/than/appdata/local/energia15/packages/energia/tools/arm-none-eabi-gcc/6.3.1-20170620/bin/../lib/gcc/arm-none-eabi/6.3.1/../../../../arm-none-eabi/lib/thumb/v7e-m/fpv4-sp/hard\libc_nano.a(lib_a-mlock.o)
 .debug_frame   0x00000f94       0x5c c:/users/than/appdata/local/energia15/packages/energia/tools/arm-none-eabi-gcc/6.3.1-20170620/bin/../lib/gcc/arm-none-eabi/6.3.1/../../../../arm-none-eabi/lib/thumb/v7e-m/fpv4-sp/hard\libc_nano.a(lib_a-reent.o)

Cross Reference Table

Symbol                                            File
CPUbasepriGet                                     C:\Users\Than\AppData\Local\Energia15\packages\energia\hardware\tivac\1.0.3\system/driverlib/libdriverlib.a(cpu.o)
                                                  C:\Users\Than\AppData\Local\Energia15\packages\energia\hardware\tivac\1.0.3\system/driverlib/libdriverlib.a(interrupt.o)
CPUbasepriSet                                     C:\Users\Than\AppData\Local\Energia15\packages\energia\hardware\tivac\1.0.3\system/driverlib/libdriverlib.a(cpu.o)
                                                  C:\Users\Than\AppData\Local\Energia15\packages\energia\hardware\tivac\1.0.3\system/driverlib/libdriverlib.a(interrupt.o)
CPUcpsid                                          C:\Users\Than\AppData\Local\Energia15\packages\energia\hardware\tivac\1.0.3\system/driverlib/libdriverlib.a(cpu.o)
                                                  C:\Users\Than\AppData\Local\Energia15\packages\energia\hardware\tivac\1.0.3\system/driverlib/libdriverlib.a(interrupt.o)
CPUcpsie                                          C:\Users\Than\AppData\Local\Energia15\packages\energia\hardware\tivac\1.0.3\system/driverlib/libdriverlib.a(cpu.o)
                                                  C:\Users\Than\AppData\Local\Energia15\packages\energia\hardware\tivac\1.0.3\system/driverlib/libdriverlib.a(interrupt.o)
CPUprimask                                        C:\Users\Than\AppData\Local\Energia15\packages\energia\hardware\tivac\1.0.3\system/driverlib/libdriverlib.a(cpu.o)
CPUwfi                                            C:\Users\Than\AppData\Local\Energia15\packages\energia\hardware\tivac\1.0.3\system/driverlib/libdriverlib.a(cpu.o)
                                                  C:\Users\Than\AppData\Local\Energia15\packages\energia\hardware\tivac\1.0.3\system/driverlib/libdriverlib.a(sysctl.o)
EEPROMBlockCountGet                               C:\Users\Than\AppData\Local\Energia15\packages\energia\hardware\tivac\1.0.3\system/driverlib/libdriverlib.a(eeprom.o)
EEPROMBlockHide                                   C:\Users\Than\AppData\Local\Energia15\packages\energia\hardware\tivac\1.0.3\system/driverlib/libdriverlib.a(eeprom.o)
EEPROMBlockLock                                   C:\Users\Than\AppData\Local\Energia15\packages\energia\hardware\tivac\1.0.3\system/driverlib/libdriverlib.a(eeprom.o)
EEPROMBlockPasswordSet                            C:\Users\Than\AppData\Local\Energia15\packages\energia\hardware\tivac\1.0.3\system/driverlib/libdriverlib.a(eeprom.o)
EEPROMBlockProtectGet                             C:\Users\Than\AppData\Local\Energia15\packages\energia\hardware\tivac\1.0.3\system/driverlib/libdriverlib.a(eeprom.o)
EEPROMBlockProtectSet                             C:\Users\Than\AppData\Local\Energia15\packages\energia\hardware\tivac\1.0.3\system/driverlib/libdriverlib.a(eeprom.o)
EEPROMBlockUnlock                                 C:\Users\Than\AppData\Local\Energia15\packages\energia\hardware\tivac\1.0.3\system/driverlib/libdriverlib.a(eeprom.o)
EEPROMInit                                        C:\Users\Than\AppData\Local\Energia15\packages\energia\hardware\tivac\1.0.3\system/driverlib/libdriverlib.a(eeprom.o)
EEPROMIntClear                                    C:\Users\Than\AppData\Local\Energia15\packages\energia\hardware\tivac\1.0.3\system/driverlib/libdriverlib.a(eeprom.o)
EEPROMIntDisable                                  C:\Users\Than\AppData\Local\Energia15\packages\energia\hardware\tivac\1.0.3\system/driverlib/libdriverlib.a(eeprom.o)
EEPROMIntEnable                                   C:\Users\Than\AppData\Local\Energia15\packages\energia\hardware\tivac\1.0.3\system/driverlib/libdriverlib.a(eeprom.o)
EEPROMIntStatus                                   C:\Users\Than\AppData\Local\Energia15\packages\energia\hardware\tivac\1.0.3\system/driverlib/libdriverlib.a(eeprom.o)
EEPROMMassErase                                   C:\Users\Than\AppData\Local\Energia15\packages\energia\hardware\tivac\1.0.3\system/driverlib/libdriverlib.a(eeprom.o)
                                                  C:\Users\Than\AppData\Local\Temp\VMBuilds\XeTuDong\energia_energia_tivac_EK-TM4C1294XL\Debug/core.a(main.cpp.o)
EEPROMProgram                                     C:\Users\Than\AppData\Local\Energia15\packages\energia\hardware\tivac\1.0.3\system/driverlib/libdriverlib.a(eeprom.o)
EEPROMProgramNonBlocking                          C:\Users\Than\AppData\Local\Energia15\packages\energia\hardware\tivac\1.0.3\system/driverlib/libdriverlib.a(eeprom.o)
EEPROMRead                                        C:\Users\Than\AppData\Local\Energia15\packages\energia\hardware\tivac\1.0.3\system/driverlib/libdriverlib.a(eeprom.o)
EEPROMSizeGet                                     C:\Users\Than\AppData\Local\Energia15\packages\energia\hardware\tivac\1.0.3\system/driverlib/libdriverlib.a(eeprom.o)
EEPROMStatusGet                                   C:\Users\Than\AppData\Local\Energia15\packages\energia\hardware\tivac\1.0.3\system/driverlib/libdriverlib.a(eeprom.o)
GPIOADCTriggerDisable                             C:\Users\Than\AppData\Local\Energia15\packages\energia\hardware\tivac\1.0.3\system/driverlib/libdriverlib.a(gpio.o)
GPIOADCTriggerEnable                              C:\Users\Than\AppData\Local\Energia15\packages\energia\hardware\tivac\1.0.3\system/driverlib/libdriverlib.a(gpio.o)
GPIOAIntHandler                                   C:\Users\Than\AppData\Local\Temp\VMBuilds\XeTuDong\energia_energia_tivac_EK-TM4C1294XL\Debug/core.a(WInterrupts.c.o)
                                                  C:\Users\Than\AppData\Local\Temp\VMBuilds\XeTuDong\energia_energia_tivac_EK-TM4C1294XL\Debug/core.a(startup_gcc.c.o)
GPIOBIntHandler                                   C:\Users\Than\AppData\Local\Temp\VMBuilds\XeTuDong\energia_energia_tivac_EK-TM4C1294XL\Debug/core.a(WInterrupts.c.o)
                                                  C:\Users\Than\AppData\Local\Temp\VMBuilds\XeTuDong\energia_energia_tivac_EK-TM4C1294XL\Debug/core.a(startup_gcc.c.o)
GPIOCIntHandler                                   C:\Users\Than\AppData\Local\Temp\VMBuilds\XeTuDong\energia_energia_tivac_EK-TM4C1294XL\Debug/core.a(WInterrupts.c.o)
                                                  C:\Users\Than\AppData\Local\Temp\VMBuilds\XeTuDong\energia_energia_tivac_EK-TM4C1294XL\Debug/core.a(startup_gcc.c.o)
GPIODIntHandler                                   C:\Users\Than\AppData\Local\Temp\VMBuilds\XeTuDong\energia_energia_tivac_EK-TM4C1294XL\Debug/core.a(WInterrupts.c.o)
                                                  C:\Users\Than\AppData\Local\Temp\VMBuilds\XeTuDong\energia_energia_tivac_EK-TM4C1294XL\Debug/core.a(startup_gcc.c.o)
GPIODMATriggerDisable                             C:\Users\Than\AppData\Local\Energia15\packages\energia\hardware\tivac\1.0.3\system/driverlib/libdriverlib.a(gpio.o)
GPIODMATriggerEnable                              C:\Users\Than\AppData\Local\Energia15\packages\energia\hardware\tivac\1.0.3\system/driverlib/libdriverlib.a(gpio.o)
GPIODirModeGet                                    C:\Users\Than\AppData\Local\Energia15\packages\energia\hardware\tivac\1.0.3\system/driverlib/libdriverlib.a(gpio.o)
GPIODirModeSet                                    C:\Users\Than\AppData\Local\Energia15\packages\energia\hardware\tivac\1.0.3\system/driverlib/libdriverlib.a(gpio.o)
GPIOEIntHandler                                   C:\Users\Than\AppData\Local\Temp\VMBuilds\XeTuDong\energia_energia_tivac_EK-TM4C1294XL\Debug/core.a(WInterrupts.c.o)
                                                  C:\Users\Than\AppData\Local\Temp\VMBuilds\XeTuDong\energia_energia_tivac_EK-TM4C1294XL\Debug/core.a(startup_gcc.c.o)
GPIOFIntHandler                                   C:\Users\Than\AppData\Local\Temp\VMBuilds\XeTuDong\energia_energia_tivac_EK-TM4C1294XL\Debug/core.a(WInterrupts.c.o)
                                                  C:\Users\Than\AppData\Local\Temp\VMBuilds\XeTuDong\energia_energia_tivac_EK-TM4C1294XL\Debug/core.a(startup_gcc.c.o)
GPIOGIntHandler                                   C:\Users\Than\AppData\Local\Temp\VMBuilds\XeTuDong\energia_energia_tivac_EK-TM4C1294XL\Debug/core.a(WInterrupts.c.o)
                                                  C:\Users\Than\AppData\Local\Temp\VMBuilds\XeTuDong\energia_energia_tivac_EK-TM4C1294XL\Debug/core.a(startup_gcc.c.o)
GPIOHIntHandler                                   C:\Users\Than\AppData\Local\Temp\VMBuilds\XeTuDong\energia_energia_tivac_EK-TM4C1294XL\Debug/core.a(WInterrupts.c.o)
                                                  C:\Users\Than\AppData\Local\Temp\VMBuilds\XeTuDong\energia_energia_tivac_EK-TM4C1294XL\Debug/core.a(startup_gcc.c.o)
GPIOIntClear                                      C:\Users\Than\AppData\Local\Energia15\packages\energia\hardware\tivac\1.0.3\system/driverlib/libdriverlib.a(gpio.o)
                                                  C:\Users\Than\AppData\Local\Temp\VMBuilds\XeTuDong\energia_energia_tivac_EK-TM4C1294XL\Debug/core.a(WInterrupts.c.o)
GPIOIntDisable                                    C:\Users\Than\AppData\Local\Energia15\packages\energia\hardware\tivac\1.0.3\system/driverlib/libdriverlib.a(gpio.o)
                                                  C:\Users\Than\AppData\Local\Temp\VMBuilds\XeTuDong\energia_energia_tivac_EK-TM4C1294XL\Debug/core.a(WInterrupts.c.o)
GPIOIntEnable                                     C:\Users\Than\AppData\Local\Energia15\packages\energia\hardware\tivac\1.0.3\system/driverlib/libdriverlib.a(gpio.o)
                                                  C:\Users\Than\AppData\Local\Temp\VMBuilds\XeTuDong\energia_energia_tivac_EK-TM4C1294XL\Debug/core.a(WInterrupts.c.o)
GPIOIntRegister                                   C:\Users\Than\AppData\Local\Energia15\packages\energia\hardware\tivac\1.0.3\system/driverlib/libdriverlib.a(gpio.o)
GPIOIntRegisterPin                                C:\Users\Than\AppData\Local\Energia15\packages\energia\hardware\tivac\1.0.3\system/driverlib/libdriverlib.a(gpio.o)
GPIOIntStatus                                     C:\Users\Than\AppData\Local\Energia15\packages\energia\hardware\tivac\1.0.3\system/driverlib/libdriverlib.a(gpio.o)
                                                  C:\Users\Than\AppData\Local\Temp\VMBuilds\XeTuDong\energia_energia_tivac_EK-TM4C1294XL\Debug/core.a(WInterrupts.c.o)
GPIOIntTypeGet                                    C:\Users\Than\AppData\Local\Energia15\packages\energia\hardware\tivac\1.0.3\system/driverlib/libdriverlib.a(gpio.o)
GPIOIntTypeSet                                    C:\Users\Than\AppData\Local\Energia15\packages\energia\hardware\tivac\1.0.3\system/driverlib/libdriverlib.a(gpio.o)
GPIOIntUnregister                                 C:\Users\Than\AppData\Local\Energia15\packages\energia\hardware\tivac\1.0.3\system/driverlib/libdriverlib.a(gpio.o)
GPIOIntUnregisterPin                              C:\Users\Than\AppData\Local\Energia15\packages\energia\hardware\tivac\1.0.3\system/driverlib/libdriverlib.a(gpio.o)
GPIOJIntHandler                                   C:\Users\Than\AppData\Local\Temp\VMBuilds\XeTuDong\energia_energia_tivac_EK-TM4C1294XL\Debug/core.a(WInterrupts.c.o)
                                                  C:\Users\Than\AppData\Local\Temp\VMBuilds\XeTuDong\energia_energia_tivac_EK-TM4C1294XL\Debug/core.a(startup_gcc.c.o)
GPIOKIntHandler                                   C:\Users\Than\AppData\Local\Temp\VMBuilds\XeTuDong\energia_energia_tivac_EK-TM4C1294XL\Debug/core.a(WInterrupts.c.o)
                                                  C:\Users\Than\AppData\Local\Temp\VMBuilds\XeTuDong\energia_energia_tivac_EK-TM4C1294XL\Debug/core.a(startup_gcc.c.o)
GPIOLIntHandler                                   C:\Users\Than\AppData\Local\Temp\VMBuilds\XeTuDong\energia_energia_tivac_EK-TM4C1294XL\Debug/core.a(WInterrupts.c.o)
                                                  C:\Users\Than\AppData\Local\Temp\VMBuilds\XeTuDong\energia_energia_tivac_EK-TM4C1294XL\Debug/core.a(startup_gcc.c.o)
GPIOMIntHandler                                   C:\Users\Than\AppData\Local\Temp\VMBuilds\XeTuDong\energia_energia_tivac_EK-TM4C1294XL\Debug/core.a(WInterrupts.c.o)
                                                  C:\Users\Than\AppData\Local\Temp\VMBuilds\XeTuDong\energia_energia_tivac_EK-TM4C1294XL\Debug/core.a(startup_gcc.c.o)
GPIONIntHandler                                   C:\Users\Than\AppData\Local\Temp\VMBuilds\XeTuDong\energia_energia_tivac_EK-TM4C1294XL\Debug/core.a(WInterrupts.c.o)
                                                  C:\Users\Than\AppData\Local\Temp\VMBuilds\XeTuDong\energia_energia_tivac_EK-TM4C1294XL\Debug/core.a(startup_gcc.c.o)
GPIOPIntHandler                                   C:\Users\Than\AppData\Local\Temp\VMBuilds\XeTuDong\energia_energia_tivac_EK-TM4C1294XL\Debug/core.a(WInterrupts.c.o)
                                                  C:\Users\Than\AppData\Local\Temp\VMBuilds\XeTuDong\energia_energia_tivac_EK-TM4C1294XL\Debug/core.a(startup_gcc.c.o)
GPIOPadConfigGet                                  C:\Users\Than\AppData\Local\Energia15\packages\energia\hardware\tivac\1.0.3\system/driverlib/libdriverlib.a(gpio.o)
GPIOPadConfigSet                                  C:\Users\Than\AppData\Local\Energia15\packages\energia\hardware\tivac\1.0.3\system/driverlib/libdriverlib.a(gpio.o)
                                                  C:\Users\Than\AppData\Local\Temp\VMBuilds\XeTuDong\energia_energia_tivac_EK-TM4C1294XL\Debug/core.a(wiring_digital.c.o)
GPIOPinConfigure                                  C:\Users\Than\AppData\Local\Energia15\packages\energia\hardware\tivac\1.0.3\system/driverlib/libdriverlib.a(gpio.o)
GPIOPinRead                                       C:\Users\Than\AppData\Local\Energia15\packages\energia\hardware\tivac\1.0.3\system/driverlib/libdriverlib.a(gpio.o)
GPIOPinTypeADC                                    C:\Users\Than\AppData\Local\Energia15\packages\energia\hardware\tivac\1.0.3\system/driverlib/libdriverlib.a(gpio.o)
GPIOPinTypeCAN                                    C:\Users\Than\AppData\Local\Energia15\packages\energia\hardware\tivac\1.0.3\system/driverlib/libdriverlib.a(gpio.o)
GPIOPinTypeComparator                             C:\Users\Than\AppData\Local\Energia15\packages\energia\hardware\tivac\1.0.3\system/driverlib/libdriverlib.a(gpio.o)
GPIOPinTypeComparatorOutput                       C:\Users\Than\AppData\Local\Energia15\packages\energia\hardware\tivac\1.0.3\system/driverlib/libdriverlib.a(gpio.o)
GPIOPinTypeDIVSCLK                                C:\Users\Than\AppData\Local\Energia15\packages\energia\hardware\tivac\1.0.3\system/driverlib/libdriverlib.a(gpio.o)
GPIOPinTypeEPI                                    C:\Users\Than\AppData\Local\Energia15\packages\energia\hardware\tivac\1.0.3\system/driverlib/libdriverlib.a(gpio.o)
GPIOPinTypeEthernetLED                            C:\Users\Than\AppData\Local\Energia15\packages\energia\hardware\tivac\1.0.3\system/driverlib/libdriverlib.a(gpio.o)
GPIOPinTypeEthernetMII                            C:\Users\Than\AppData\Local\Energia15\packages\energia\hardware\tivac\1.0.3\system/driverlib/libdriverlib.a(gpio.o)
GPIOPinTypeGPIOInput                              C:\Users\Than\AppData\Local\Energia15\packages\energia\hardware\tivac\1.0.3\system/driverlib/libdriverlib.a(gpio.o)
GPIOPinTypeGPIOOutput                             C:\Users\Than\AppData\Local\Energia15\packages\energia\hardware\tivac\1.0.3\system/driverlib/libdriverlib.a(gpio.o)
GPIOPinTypeGPIOOutputOD                           C:\Users\Than\AppData\Local\Energia15\packages\energia\hardware\tivac\1.0.3\system/driverlib/libdriverlib.a(gpio.o)
GPIOPinTypeHibernateRTCCLK                        C:\Users\Than\AppData\Local\Energia15\packages\energia\hardware\tivac\1.0.3\system/driverlib/libdriverlib.a(gpio.o)
GPIOPinTypeI2C                                    C:\Users\Than\AppData\Local\Energia15\packages\energia\hardware\tivac\1.0.3\system/driverlib/libdriverlib.a(gpio.o)
GPIOPinTypeI2CSCL                                 C:\Users\Than\AppData\Local\Energia15\packages\energia\hardware\tivac\1.0.3\system/driverlib/libdriverlib.a(gpio.o)
GPIOPinTypeLCD                                    C:\Users\Than\AppData\Local\Energia15\packages\energia\hardware\tivac\1.0.3\system/driverlib/libdriverlib.a(gpio.o)
GPIOPinTypeOneWire                                C:\Users\Than\AppData\Local\Energia15\packages\energia\hardware\tivac\1.0.3\system/driverlib/libdriverlib.a(gpio.o)
GPIOPinTypePWM                                    C:\Users\Than\AppData\Local\Energia15\packages\energia\hardware\tivac\1.0.3\system/driverlib/libdriverlib.a(gpio.o)
GPIOPinTypeQEI                                    C:\Users\Than\AppData\Local\Energia15\packages\energia\hardware\tivac\1.0.3\system/driverlib/libdriverlib.a(gpio.o)
GPIOPinTypeSSI                                    C:\Users\Than\AppData\Local\Energia15\packages\energia\hardware\tivac\1.0.3\system/driverlib/libdriverlib.a(gpio.o)
GPIOPinTypeTimer                                  C:\Users\Than\AppData\Local\Energia15\packages\energia\hardware\tivac\1.0.3\system/driverlib/libdriverlib.a(gpio.o)
GPIOPinTypeTrace                                  C:\Users\Than\AppData\Local\Energia15\packages\energia\hardware\tivac\1.0.3\system/driverlib/libdriverlib.a(gpio.o)
GPIOPinTypeUART                                   C:\Users\Than\AppData\Local\Energia15\packages\energia\hardware\tivac\1.0.3\system/driverlib/libdriverlib.a(gpio.o)
GPIOPinTypeUSBAnalog                              C:\Users\Than\AppData\Local\Energia15\packages\energia\hardware\tivac\1.0.3\system/driverlib/libdriverlib.a(gpio.o)
GPIOPinTypeUSBDigital                             C:\Users\Than\AppData\Local\Energia15\packages\energia\hardware\tivac\1.0.3\system/driverlib/libdriverlib.a(gpio.o)
GPIOPinTypeWakeHigh                               C:\Users\Than\AppData\Local\Energia15\packages\energia\hardware\tivac\1.0.3\system/driverlib/libdriverlib.a(gpio.o)
GPIOPinTypeWakeLow                                C:\Users\Than\AppData\Local\Energia15\packages\energia\hardware\tivac\1.0.3\system/driverlib/libdriverlib.a(gpio.o)
GPIOPinWakeStatus                                 C:\Users\Than\AppData\Local\Energia15\packages\energia\hardware\tivac\1.0.3\system/driverlib/libdriverlib.a(gpio.o)
GPIOPinWrite                                      C:\Users\Than\AppData\Local\Energia15\packages\energia\hardware\tivac\1.0.3\system/driverlib/libdriverlib.a(gpio.o)
GPIOQIntHandler                                   C:\Users\Than\AppData\Local\Temp\VMBuilds\XeTuDong\energia_energia_tivac_EK-TM4C1294XL\Debug/core.a(WInterrupts.c.o)
                                                  C:\Users\Than\AppData\Local\Temp\VMBuilds\XeTuDong\energia_energia_tivac_EK-TM4C1294XL\Debug/core.a(startup_gcc.c.o)
GPIORIntHandler                                   C:\Users\Than\AppData\Local\Temp\VMBuilds\XeTuDong\energia_energia_tivac_EK-TM4C1294XL\Debug/core.a(WInterrupts.c.o)
                                                  C:\Users\Than\AppData\Local\Temp\VMBuilds\XeTuDong\energia_energia_tivac_EK-TM4C1294XL\Debug/core.a(startup_gcc.c.o)
GPIOSIntHandler                                   C:\Users\Than\AppData\Local\Temp\VMBuilds\XeTuDong\energia_energia_tivac_EK-TM4C1294XL\Debug/core.a(WInterrupts.c.o)
                                                  C:\Users\Than\AppData\Local\Temp\VMBuilds\XeTuDong\energia_energia_tivac_EK-TM4C1294XL\Debug/core.a(startup_gcc.c.o)
GPIOTIntHandler                                   C:\Users\Than\AppData\Local\Temp\VMBuilds\XeTuDong\energia_energia_tivac_EK-TM4C1294XL\Debug/core.a(WInterrupts.c.o)
                                                  C:\Users\Than\AppData\Local\Temp\VMBuilds\XeTuDong\energia_energia_tivac_EK-TM4C1294XL\Debug/core.a(startup_gcc.c.o)
GPIOXIntHandler                                   C:\Users\Than\AppData\Local\Temp\VMBuilds\XeTuDong\energia_energia_tivac_EK-TM4C1294XL\Debug/core.a(WInterrupts.c.o)
HardwareSerial::HardwareSerial()                  C:\Users\Than\AppData\Local\Temp\VMBuilds\XeTuDong\energia_energia_tivac_EK-TM4C1294XL\Debug/core.a(HardwareSerial.cpp.o)
HardwareSerial::HardwareSerial()                  C:\Users\Than\AppData\Local\Temp\VMBuilds\XeTuDong\energia_energia_tivac_EK-TM4C1294XL\Debug/core.a(HardwareSerial.cpp.o)
HardwareSerial::HardwareSerial(unsigned long)     C:\Users\Than\AppData\Local\Temp\VMBuilds\XeTuDong\energia_energia_tivac_EK-TM4C1294XL\Debug/core.a(HardwareSerial.cpp.o)
HardwareSerial::HardwareSerial(unsigned long)     C:\Users\Than\AppData\Local\Temp\VMBuilds\XeTuDong\energia_energia_tivac_EK-TM4C1294XL\Debug/core.a(HardwareSerial.cpp.o)
HardwareSerial::UARTIntHandler()                  C:\Users\Than\AppData\Local\Temp\VMBuilds\XeTuDong\energia_energia_tivac_EK-TM4C1294XL\Debug/core.a(HardwareSerial.cpp.o)
HardwareSerial::available()                       C:\Users\Than\AppData\Local\Temp\VMBuilds\XeTuDong\energia_energia_tivac_EK-TM4C1294XL\Debug/core.a(HardwareSerial.cpp.o)
HardwareSerial::begin(unsigned long)              C:\Users\Than\AppData\Local\Temp\VMBuilds\XeTuDong\energia_energia_tivac_EK-TM4C1294XL\Debug/core.a(HardwareSerial.cpp.o)
                                                  C:\Users\Than\AppData\Local\Temp\VMBuilds\XeTuDong\energia_energia_tivac_EK-TM4C1294XL\Debug\XeTuDong.cpp.o
HardwareSerial::end()                             C:\Users\Than\AppData\Local\Temp\VMBuilds\XeTuDong\energia_energia_tivac_EK-TM4C1294XL\Debug/core.a(HardwareSerial.cpp.o)
HardwareSerial::flush()                           C:\Users\Than\AppData\Local\Temp\VMBuilds\XeTuDong\energia_energia_tivac_EK-TM4C1294XL\Debug/core.a(HardwareSerial.cpp.o)
HardwareSerial::flushAll()                        C:\Users\Than\AppData\Local\Temp\VMBuilds\XeTuDong\energia_energia_tivac_EK-TM4C1294XL\Debug/core.a(HardwareSerial.cpp.o)
HardwareSerial::operator bool()                   C:\Users\Than\AppData\Local\Temp\VMBuilds\XeTuDong\energia_energia_tivac_EK-TM4C1294XL\Debug/core.a(HardwareSerial.cpp.o)
HardwareSerial::peek()                            C:\Users\Than\AppData\Local\Temp\VMBuilds\XeTuDong\energia_energia_tivac_EK-TM4C1294XL\Debug/core.a(HardwareSerial.cpp.o)
HardwareSerial::primeTransmit(unsigned long)      C:\Users\Than\AppData\Local\Temp\VMBuilds\XeTuDong\energia_energia_tivac_EK-TM4C1294XL\Debug/core.a(HardwareSerial.cpp.o)
HardwareSerial::read()                            C:\Users\Than\AppData\Local\Temp\VMBuilds\XeTuDong\energia_energia_tivac_EK-TM4C1294XL\Debug/core.a(HardwareSerial.cpp.o)
HardwareSerial::setBufferSize(unsigned long, unsigned long) C:\Users\Than\AppData\Local\Temp\VMBuilds\XeTuDong\energia_energia_tivac_EK-TM4C1294XL\Debug/core.a(HardwareSerial.cpp.o)
HardwareSerial::setModule(unsigned long)          C:\Users\Than\AppData\Local\Temp\VMBuilds\XeTuDong\energia_energia_tivac_EK-TM4C1294XL\Debug/core.a(HardwareSerial.cpp.o)
HardwareSerial::setPins(unsigned long)            C:\Users\Than\AppData\Local\Temp\VMBuilds\XeTuDong\energia_energia_tivac_EK-TM4C1294XL\Debug/core.a(HardwareSerial.cpp.o)
HardwareSerial::write(unsigned char)              C:\Users\Than\AppData\Local\Temp\VMBuilds\XeTuDong\energia_energia_tivac_EK-TM4C1294XL\Debug/core.a(HardwareSerial.cpp.o)
I2CIntHandler                                     C:\Users\Than\AppData\Local\Temp\VMBuilds\XeTuDong\energia_energia_tivac_EK-TM4C1294XL\Debug/core.a(startup_gcc.c.o)
IntDisable                                        C:\Users\Than\AppData\Local\Energia15\packages\energia\hardware\tivac\1.0.3\system/driverlib/libdriverlib.a(interrupt.o)
                                                  C:\Users\Than\AppData\Local\Energia15\packages\energia\hardware\tivac\1.0.3\system/driverlib/libdriverlib.a(sysctl.o)
                                                  C:\Users\Than\AppData\Local\Energia15\packages\energia\hardware\tivac\1.0.3\system/driverlib/libdriverlib.a(gpio.o)
IntEnable                                         C:\Users\Than\AppData\Local\Energia15\packages\energia\hardware\tivac\1.0.3\system/driverlib/libdriverlib.a(interrupt.o)
                                                  C:\Users\Than\AppData\Local\Energia15\packages\energia\hardware\tivac\1.0.3\system/driverlib/libdriverlib.a(sysctl.o)
                                                  C:\Users\Than\AppData\Local\Energia15\packages\energia\hardware\tivac\1.0.3\system/driverlib/libdriverlib.a(gpio.o)
IntIsEnabled                                      C:\Users\Than\AppData\Local\Energia15\packages\energia\hardware\tivac\1.0.3\system/driverlib/libdriverlib.a(interrupt.o)
IntMasterDisable                                  C:\Users\Than\AppData\Local\Energia15\packages\energia\hardware\tivac\1.0.3\system/driverlib/libdriverlib.a(interrupt.o)
IntMasterEnable                                   C:\Users\Than\AppData\Local\Energia15\packages\energia\hardware\tivac\1.0.3\system/driverlib/libdriverlib.a(interrupt.o)
IntPendClear                                      C:\Users\Than\AppData\Local\Energia15\packages\energia\hardware\tivac\1.0.3\system/driverlib/libdriverlib.a(interrupt.o)
IntPendSet                                        C:\Users\Than\AppData\Local\Energia15\packages\energia\hardware\tivac\1.0.3\system/driverlib/libdriverlib.a(interrupt.o)
IntPriorityGet                                    C:\Users\Than\AppData\Local\Energia15\packages\energia\hardware\tivac\1.0.3\system/driverlib/libdriverlib.a(interrupt.o)
IntPriorityGroupingGet                            C:\Users\Than\AppData\Local\Energia15\packages\energia\hardware\tivac\1.0.3\system/driverlib/libdriverlib.a(interrupt.o)
IntPriorityGroupingSet                            C:\Users\Than\AppData\Local\Energia15\packages\energia\hardware\tivac\1.0.3\system/driverlib/libdriverlib.a(interrupt.o)
IntPriorityMaskGet                                C:\Users\Than\AppData\Local\Energia15\packages\energia\hardware\tivac\1.0.3\system/driverlib/libdriverlib.a(interrupt.o)
IntPriorityMaskSet                                C:\Users\Than\AppData\Local\Energia15\packages\energia\hardware\tivac\1.0.3\system/driverlib/libdriverlib.a(interrupt.o)
IntPrioritySet                                    C:\Users\Than\AppData\Local\Energia15\packages\energia\hardware\tivac\1.0.3\system/driverlib/libdriverlib.a(interrupt.o)
IntRegister                                       C:\Users\Than\AppData\Local\Energia15\packages\energia\hardware\tivac\1.0.3\system/driverlib/libdriverlib.a(interrupt.o)
                                                  C:\Users\Than\AppData\Local\Energia15\packages\energia\hardware\tivac\1.0.3\system/driverlib/libdriverlib.a(sysctl.o)
                                                  C:\Users\Than\AppData\Local\Energia15\packages\energia\hardware\tivac\1.0.3\system/driverlib/libdriverlib.a(gpio.o)
IntTrigger                                        C:\Users\Than\AppData\Local\Energia15\packages\energia\hardware\tivac\1.0.3\system/driverlib/libdriverlib.a(interrupt.o)
IntUnregister                                     C:\Users\Than\AppData\Local\Energia15\packages\energia\hardware\tivac\1.0.3\system/driverlib/libdriverlib.a(interrupt.o)
                                                  C:\Users\Than\AppData\Local\Energia15\packages\energia\hardware\tivac\1.0.3\system/driverlib/libdriverlib.a(sysctl.o)
                                                  C:\Users\Than\AppData\Local\Energia15\packages\energia\hardware\tivac\1.0.3\system/driverlib/libdriverlib.a(gpio.o)
LineADC::doneupdateADC()                          C:\Users\Than\AppData\Local\Temp\VMBuilds\XeTuDong\energia_energia_tivac_EK-TM4C1294XL\Debug\LineADC.cpp.o
                                                  C:\Users\Than\AppData\Local\Temp\VMBuilds\XeTuDong\energia_energia_tivac_EK-TM4C1294XL\Debug\XeTuDong.cpp.o
LineADC::init()                                   C:\Users\Than\AppData\Local\Temp\VMBuilds\XeTuDong\energia_energia_tivac_EK-TM4C1294XL\Debug\LineADC.cpp.o
                                                  C:\Users\Than\AppData\Local\Temp\VMBuilds\XeTuDong\energia_energia_tivac_EK-TM4C1294XL\Debug\XeTuDong.cpp.o
LineADC::lineRead(int*, int*, int)                C:\Users\Than\AppData\Local\Temp\VMBuilds\XeTuDong\energia_energia_tivac_EK-TM4C1294XL\Debug\LineADC.cpp.o
                                                  C:\Users\Than\AppData\Local\Temp\VMBuilds\XeTuDong\energia_energia_tivac_EK-TM4C1294XL\Debug\XeTuDong.cpp.o
LineADC::readADC()                                C:\Users\Than\AppData\Local\Temp\VMBuilds\XeTuDong\energia_energia_tivac_EK-TM4C1294XL\Debug\LineADC.cpp.o
LineADC::readEEPROM()                             C:\Users\Than\AppData\Local\Temp\VMBuilds\XeTuDong\energia_energia_tivac_EK-TM4C1294XL\Debug\LineADC.cpp.o
LineADC::updateADC()                              C:\Users\Than\AppData\Local\Temp\VMBuilds\XeTuDong\energia_energia_tivac_EK-TM4C1294XL\Debug\LineADC.cpp.o
                                                  C:\Users\Than\AppData\Local\Temp\VMBuilds\XeTuDong\energia_energia_tivac_EK-TM4C1294XL\Debug\XeTuDong.cpp.o